Archive member included because of file (symbol)

c:/devkitPro/libogc/lib/wii\libwiiuse.a(wpad.o)
                              main.o (WPAD_ButtonsDown)
c:/devkitPro/libogc/lib/wii\libwiiuse.a(dynamics.o)
                              c:/devkitPro/libogc/lib/wii\libwiiuse.a(wpad.o) (calculate_gforce)
c:/devkitPro/libogc/lib/wii\libwiiuse.a(io_wii.o)
                              c:/devkitPro/libogc/lib/wii\libwiiuse.a(wpad.o) (wiiuse_disconnect)
c:/devkitPro/libogc/lib/wii\libwiiuse.a(ir.o)
                              c:/devkitPro/libogc/lib/wii\libwiiuse.a(wpad.o) (wiiuse_set_ir_vres)
c:/devkitPro/libogc/lib/wii\libwiiuse.a(wiiuse.o)
                              c:/devkitPro/libogc/lib/wii\libwiiuse.a(wpad.o) (wiiuse_set_flags)
c:/devkitPro/libogc/lib/wii\libwiiuse.a(speaker.o)
                              c:/devkitPro/libogc/lib/wii\libwiiuse.a(wpad.o) (wencdata)
c:/devkitPro/libogc/lib/wii\libwiiuse.a(events.o)
                              c:/devkitPro/libogc/lib/wii\libwiiuse.a(io_wii.o) (parse_event)
c:/devkitPro/libogc/lib/wii\libwiiuse.a(guitar_hero_3.o)
                              c:/devkitPro/libogc/lib/wii\libwiiuse.a(events.o) (guitar_hero_3_event)
c:/devkitPro/libogc/lib/wii\libwiiuse.a(io.o)
                              c:/devkitPro/libogc/lib/wii\libwiiuse.a(events.o) (wiiuse_disable_expansion)
c:/devkitPro/libogc/lib/wii\libwiiuse.a(nunchuk.o)
                              c:/devkitPro/libogc/lib/wii\libwiiuse.a(events.o) (nunchuk_event)
c:/devkitPro/libogc/lib/wii\libwiiuse.a(wiiboard.o)
                              c:/devkitPro/libogc/lib/wii\libwiiuse.a(events.o) (wii_board_event)
c:/devkitPro/libogc/lib/wii\libwiiuse.a(classic.o)
                              c:/devkitPro/libogc/lib/wii\libwiiuse.a(events.o) (classic_ctrl_event)
c:/devkitPro/libogc/lib/wii\libpng.a(png.o)
                              pngu.o (png_get_io_ptr)
c:/devkitPro/libogc/lib/wii\libpng.a(pngerror.o)
                              c:/devkitPro/libogc/lib/wii\libpng.a(png.o) (png_warning)
c:/devkitPro/libogc/lib/wii\libpng.a(pngget.o)
                              pngu.o (png_get_rowbytes)
c:/devkitPro/libogc/lib/wii\libpng.a(pngmem.o)
                              c:/devkitPro/libogc/lib/wii\libpng.a(png.o) (png_free)
c:/devkitPro/libogc/lib/wii\libpng.a(pngread.o)
                              pngu.o (png_destroy_read_struct)
c:/devkitPro/libogc/lib/wii\libpng.a(pngrio.o)
                              pngu.o (png_set_read_fn)
c:/devkitPro/libogc/lib/wii\libpng.a(pngrtran.o)
                              pngu.o (png_set_strip_16)
c:/devkitPro/libogc/lib/wii\libpng.a(pngrutil.o)
                              c:/devkitPro/libogc/lib/wii\libpng.a(pngread.o) (png_get_uint_31)
c:/devkitPro/libogc/lib/wii\libpng.a(pngset.o)
                              c:/devkitPro/libogc/lib/wii\libpng.a(pngrutil.o) (png_set_oFFs)
c:/devkitPro/libogc/lib/wii\libpng.a(pngtrans.o)
                              c:/devkitPro/libogc/lib/wii\libpng.a(pngread.o) (png_set_bgr)
c:/devkitPro/libogc/lib/wii\libpng.a(pngwio.o)
                              pngu.o (png_set_write_fn)
c:/devkitPro/libogc/lib/wii\libpng.a(pngwrite.o)
                              pngu.o (png_destroy_write_struct)
c:/devkitPro/libogc/lib/wii\libpng.a(pngwtran.o)
                              c:/devkitPro/libogc/lib/wii\libpng.a(pngwrite.o) (png_do_write_intrapixel)
c:/devkitPro/libogc/lib/wii\libpng.a(pngwutil.o)
                              c:/devkitPro/libogc/lib/wii\libpng.a(pngwrite.o) (png_do_write_interlace)
c:/devkitPro/libogc/lib/wii\libz.a(crc32.o)
                              c:/devkitPro/libogc/lib/wii\libpng.a(png.o) (crc32)
c:/devkitPro/libogc/lib/wii\libz.a(deflate.o)
                              c:/devkitPro/libogc/lib/wii\libpng.a(pngwrite.o) (deflateEnd)
c:/devkitPro/libogc/lib/wii\libz.a(trees.o)
                              c:/devkitPro/libogc/lib/wii\libz.a(deflate.o) (_tr_init)
c:/devkitPro/libogc/lib/wii\libz.a(zutil.o)
                              c:/devkitPro/libogc/lib/wii\libz.a(deflate.o) (zcfree)
c:/devkitPro/libogc/lib/wii\libz.a(inflate.o)
                              c:/devkitPro/libogc/lib/wii\libpng.a(png.o) (inflateReset)
c:/devkitPro/libogc/lib/wii\libz.a(inftrees.o)
                              c:/devkitPro/libogc/lib/wii\libz.a(inflate.o) (inflate_table)
c:/devkitPro/libogc/lib/wii\libz.a(inffast.o)
                              c:/devkitPro/libogc/lib/wii\libz.a(inflate.o) (inflate_fast)
c:/devkitPro/libogc/lib/wii\libz.a(adler32.o)
                              c:/devkitPro/libogc/lib/wii\libz.a(deflate.o) (adler32)
c:/devkitPro/libogc/lib/wii\libz.a(compress.o)
                              c:/devkitPro/libogc/lib/wii\libz.a(deflate.o) (compressBound)
c:/devkitPro/libogc/lib/wii\libbte.a(bte.o)
                              c:/devkitPro/libogc/lib/wii\libwiiuse.a(io_wii.o) (bte_arg)
c:/devkitPro/libogc/lib/wii\libbte.a(hci.o)
[...]
Memory Configuration

Name             Origin             Length             Attributes
*default*        0x00000000         0xffffffff

Linker script and memory map

                0x00003400                . = 0x3400

.stub
 *(.stub)
                0x80004000                . = 0x80004000

.init           0x80004000      0x208
 *crt0.o(*.init)
 .init          0x80004000      0x1e4 c:/devkitPro/libogc/lib/wii\libogc.a(ogc_crt0.o)
                0x8000419c                _memset
                0x80004000                _start
                0x800041cc                video_line
 *(.init)
 .init          0x800041e4        0xc c:/devkitpro/devkitppc/bin/../lib/gcc/powerpc-gekko/4.2.4/ecrti.o
                0x800041e4                __init
 .init          0x800041f0        0x4 c:/devkitpro/devkitppc/bin/../lib/gcc/powerpc-gekko/4.2.4/crtbegin.o
 .init          0x800041f4        0x4 c:/devkitpro/devkitppc/bin/../lib/gcc/powerpc-gekko/4.2.4/crtend.o
 .init          0x800041f8       0x10 c:/devkitpro/devkitppc/bin/../lib/gcc/powerpc-gekko/4.2.4/ecrtn.o

.plt
 *(.plt)

.interp
 *(.interp)

.hash
 *(.hash)

.dynsym
 *(.dynsym)

.dynstr
 *(.dynstr)

.gnu.version
 *(.gnu.version)

.gnu.version_d
 *(.gnu.version_d)

.gnu.version_r
 *(.gnu.version_r)

.rel.init
 *(.rel.init)

.rela.init      0x80004208        0x0
 *(.rela.init)
 .rela.init     0x00000000        0x0 c:/devkitpro/devkitppc/bin/../lib/gcc/powerpc-gekko/4.2.4/crtbegin.o

.rel.text
 *(.rel.text .rel.text.* .rel.gnu.linkonce.t.*)

.rela.text      0x80004208        0x0
 *(.rela.text .rela.text.* .rela.gnu.linkonce.t.*)
 .rela.text     0x00000000        0x0 c:/devkitpro/devkitppc/bin/../lib/gcc/powerpc-gekko/4.2.4/crtbegin.o
 .rela.text.Gui_DrawBackground
                0x00000000        0x0 c:/devkitpro/devkitppc/bin/../lib/gcc/powerpc-gekko/4.2.4/crtbegin.o
 .rela.text.Identify_SU
                0x00000000        0x0 c:/devkitpro/devkitppc/bin/../lib/gcc/powerpc-gekko/4.2.4/crtbegin.o
 .rela.text.Identify_SysMenu
                0x00000000        0x0 c:/devkitpro/devkitppc/bin/../lib/gcc/powerpc-gekko/4.2.4/crtbegin.o
 .rela.text.getdir
                0x00000000        0x0 c:/devkitpro/devkitppc/bin/../lib/gcc/powerpc-gekko/4.2.4/crtbegin.o
 .rela.text.dump
                0x00000000        0x0 c:/devkitpro/devkitppc/bin/../lib/gcc/powerpc-gekko/4.2.4/crtbegin.o
 .rela.text.files2
                0x00000000        0x0 c:/devkitpro/devkitppc/bin/../lib/gcc/powerpc-gekko/4.2.4/crtbegin.o
 .rela.text.dirget
                0x00000000        0x0 c:/devkitpro/devkitppc/bin/../lib/gcc/powerpc-gekko/4.2.4/crtbegin.o
 .rela.text.resetscreen
                0x00000000        0x0 c:/devkitpro/devkitppc/bin/../lib/gcc/powerpc-gekko/4.2.4/crtbegin.o
 .rela.text.browser
                0x00000000        0x0 c:/devkitpro/devkitppc/bin/../lib/gcc/powerpc-gekko/4.2.4/crtbegin.o
 .rela.text.main
                0x00000000        0x0 c:/devkitpro/devkitppc/bin/../lib/gcc/powerpc-gekko/4.2.4/crtbegin.o
 .rela.text.ReadNetwork
                0x00000000        0x0 c:/devkitpro/devkitppc/bin/../lib/gcc/powerpc-gekko/4.2.4/crtbegin.o
 .rela.text.wiiuse_init_cmd_queue
                0x00000000        0x0 c:/devkitpro/devkitppc/bin/../lib/gcc/powerpc-gekko/4.2.4/crtbegin.o
 .rela.text.wiiuse_init
                0x00000000        0x0 c:/devkitpro/devkitppc/bin/../lib/gcc/powerpc-gekko/4.2.4/crtbegin.o
 .rela.text.guitar_hero_3_handshake
                0x00000000        0x0 c:/devkitpro/devkitppc/bin/../lib/gcc/powerpc-gekko/4.2.4/crtbegin.o
 .rela.text.wiiuse_handshake_expansion
                0x00000000        0x0 c:/devkitpro/devkitppc/bin/../lib/gcc/powerpc-gekko/4.2.4/crtbegin.o
 .rela.text.wiiuse_handshake
                0x00000000        0x0 c:/devkitpro/devkitppc/bin/../lib/gcc/powerpc-gekko/4.2.4/crtbegin.o
 .rela.text.deflate
                0x00000000        0x0 c:/devkitpro/devkitppc/bin/../lib/gcc/powerpc-gekko/4.2.4/crtbegin.o
 .rela.text.deflate_slow
                0x00000000        0x0 c:/devkitpro/devkitppc/bin/../lib/gcc/powerpc-gekko/4.2.4/crtbegin.o
 .rela.text.deflate_fast
                0x00000000        0x0 c:/devkitpro/devkitppc/bin/../lib/gcc/powerpc-gekko/4.2.4/crtbegin.o
 .rela.text.deflateInit2_
                0x00000000        0x0 c:/devkitpro/devkitppc/bin/../lib/gcc/powerpc-gekko/4.2.4/crtbegin.o
 .rela.text.bt_alarmhandler
                0x00000000        0x0 c:/devkitpro/devkitppc/bin/../lib/gcc/powerpc-gekko/4.2.4/crtbegin.o
 .rela.text.fatUnmount
                0x00000000        0x0 c:/devkitpro/devkitppc/bin/../lib/gcc/powerpc-gekko/4.2.4/crtbegin.o
 .rela.text.fatInit
                0x00000000        0x0 c:/devkitpro/devkitppc/bin/../lib/gcc/powerpc-gekko/4.2.4/crtbegin.o
 .rela.text.get_io_wiisd
                0x00000000        0x0 c:/devkitpro/devkitppc/bin/../lib/gcc/powerpc-gekko/4.2.4/crtbegin.o
 .rela.text.get_io_usbstorage
                0x00000000        0x0 c:/devkitpro/devkitppc/bin/../lib/gcc/powerpc-gekko/4.2.4/crtbegin.o
 .rela.text.get_io_gcsda
                0x00000000        0x0 c:/devkitpro/devkitppc/bin/../lib/gcc/powerpc-gekko/4.2.4/crtbegin.o
 .rela.text.get_io_gcsdb
                0x00000000        0x0 c:/devkitpro/devkitppc/bin/../lib/gcc/powerpc-gekko/4.2.4/crtbegin.o
 .rela.text._FAT_directory_mbsncasecmp
                0x00000000        0x0 c:/devkitpro/devkitppc/bin/../lib/gcc/powerpc-gekko/4.2.4/crtbegin.o
 .rela.text._FAT_directory_ucs2tombs
                0x00000000        0x0 c:/devkitpro/devkitppc/bin/../lib/gcc/powerpc-gekko/4.2.4/crtbegin.o
 .rela.text._FAT_directory_addEntry
                0x00000000        0x0 c:/devkitpro/devkitppc/bin/../lib/gcc/powerpc-gekko/4.2.4/crtbegin.o
 .rela.text.CON_EnableGecko
                0x00000000        0x0 c:/devkitpro/devkitppc/bin/../lib/gcc/powerpc-gekko/4.2.4/crtbegin.o
 .rela.text.__console_init
                0x00000000        0x0 c:/devkitpro/devkitppc/bin/../lib/gcc/powerpc-gekko/4.2.4/crtbegin.o
 .rela.text.__console_init_ex
                0x00000000        0x0 c:/devkitpro/devkitppc/bin/../lib/gcc/powerpc-gekko/4.2.4/crtbegin.o
 .rela.text.__lwp_rotate_readyqueue
                0x00000000        0x0 c:/devkitpro/devkitppc/bin/../lib/gcc/powerpc-gekko/4.2.4/crtbegin.o
 .rela.text.__lwp_thread_setstate
                0x00000000        0x0 c:/devkitpro/devkitppc/bin/../lib/gcc/powerpc-gekko/4.2.4/crtbegin.o
 .rela.text.__lwp_thread_setpriority
                0x00000000        0x0 c:/devkitpro/devkitppc/bin/../lib/gcc/powerpc-gekko/4.2.4/crtbegin.o
 .rela.text.__lwp_thread_ready
                0x00000000        0x0 c:/devkitpro/devkitppc/bin/../lib/gcc/powerpc-gekko/4.2.4/crtbegin.o
 .rela.text.__lwp_thread_close
                0x00000000        0x0 c:/devkitpro/devkitppc/bin/../lib/gcc/powerpc-gekko/4.2.4/crtbegin.o
 .rela.text.__lwp_thread_closeall
                0x00000000        0x0 c:/devkitpro/devkitppc/bin/../lib/gcc/powerpc-gekko/4.2.4/crtbegin.o
 .rela.text.__lwp_thread_stopmultitasking
                0x00000000        0x0 c:/devkitpro/devkitppc/bin/../lib/gcc/powerpc-gekko/4.2.4/crtbegin.o
 .rela.text.__lwp_thread_changepriority
                0x00000000        0x0 c:/devkitpro/devkitppc/bin/../lib/gcc/powerpc-gekko/4.2.4/crtbegin.o
 .rela.text.__lwp_thread_coreinit
                0x00000000        0x0 c:/devkitpro/devkitppc/bin/../lib/gcc/powerpc-gekko/4.2.4/crtbegin.o
 .rela.text.__lwp_thread_suspend
                0x00000000        0x0 c:/devkitpro/devkitppc/bin/../lib/gcc/powerpc-gekko/4.2.4/crtbegin.o
 .rela.text.__lwp_thread_startmultitasking
                0x00000000        0x0 c:/devkitpro/devkitppc/bin/../lib/gcc/powerpc-gekko/4.2.4/crtbegin.o
 .rela.text.__lwp_thread_tickle_timeslice
                0x00000000        0x0 c:/devkitpro/devkitppc/bin/../lib/gcc/powerpc-gekko/4.2.4/crtbegin.o
 .rela.text.__lwp_thread_context
                0x00000000        0x0 c:/devkitpro/devkitppc/bin/../lib/gcc/powerpc-gekko/4.2.4/crtbegin.o
 .rela.text.__lwp_thread_exists
                0x00000000        0x0 c:/devkitpro/devkitppc/bin/../lib/gcc/powerpc-gekko/4.2.4/crtbegin.o
 .rela.text.__lwp_thread_isalive
                0x00000000        0x0 c:/devkitpro/devkitppc/bin/../lib/gcc/powerpc-gekko/4.2.4/crtbegin.o
 .rela.text.__lwp_sysinit
                0x00000000        0x0 c:/devkitpro/devkitppc/bin/../lib/gcc/powerpc-gekko/4.2.4/crtbegin.o
 .rela.text.LWP_ThreadSignal
                0x00000000        0x0 c:/devkitpro/devkitppc/bin/../lib/gcc/powerpc-gekko/4.2.4/crtbegin.o
 .rela.text.LWP_ThreadBroadcast
                0x00000000        0x0 c:/devkitpro/devkitppc/bin/../lib/gcc/powerpc-gekko/4.2.4/crtbegin.o
 .rela.text.LWP_ThreadSleep
                0x00000000        0x0 c:/devkitpro/devkitppc/bin/../lib/gcc/powerpc-gekko/4.2.4/crtbegin.o
 .rela.text.LWP_CloseQueue
                0x00000000        0x0 c:/devkitpro/devkitppc/bin/../lib/gcc/powerpc-gekko/4.2.4/crtbegin.o
 .rela.text.LWP_InitQueue
                0x00000000        0x0 c:/devkitpro/devkitppc/bin/../lib/gcc/powerpc-gekko/4.2.4/crtbegin.o
 .rela.text.LWP_JoinThread
                0x00000000        0x0 c:/devkitpro/devkitppc/bin/../lib/gcc/powerpc-gekko/4.2.4/crtbegin.o
 .rela.text.LWP_ThreadIsSuspended
                0x00000000        0x0 c:/devkitpro/devkitppc/bin/../lib/gcc/powerpc-gekko/4.2.4/crtbegin.o
 .rela.text.LWP_SetThreadPriority
                0x00000000        0x0 c:/devkitpro/devkitppc/bin/../lib/gcc/powerpc-gekko/4.2.4/crtbegin.o
 .rela.text.LWP_ResumeThread
                0x00000000        0x0 c:/devkitpro/devkitppc/bin/../lib/gcc/powerpc-gekko/4.2.4/crtbegin.o
 .rela.text.LWP_SuspendThread
                0x00000000        0x0 c:/devkitpro/devkitppc/bin/../lib/gcc/powerpc-gekko/4.2.4/crtbegin.o
 .rela.text.LWP_CreateThread
                0x00000000        0x0 c:/devkitpro/devkitppc/bin/../lib/gcc/powerpc-gekko/4.2.4/crtbegin.o
 .rela.text.__lwp_stack_free
                0x00000000        0x0 c:/devkitpro/devkitppc/bin/../lib/gcc/powerpc-gekko/4.2.4/crtbegin.o
 .rela.text.__lwp_stack_allocate
                0x00000000        0x0 c:/devkitpro/devkitppc/bin/../lib/gcc/powerpc-gekko/4.2.4/crtbegin.o
 .rela.text.__lwp_watchdog_init
                0x00000000        0x0 c:/devkitpro/devkitppc/bin/../lib/gcc/powerpc-gekko/4.2.4/crtbegin.o
 .rela.text.__lwp_wd_tickle
                0x00000000        0x0 c:/devkitpro/devkitppc/bin/../lib/gcc/powerpc-gekko/4.2.4/crtbegin.o
 .rela.text.__lwp_wkspace_init
                0x00000000        0x0 c:/devkitpro/devkitppc/bin/../lib/gcc/powerpc-gekko/4.2.4/crtbegin.o
 .rela.text.__lwp_wkspace_heapused
                0x00000000        0x0 c:/devkitpro/devkitppc/bin/../lib/gcc/powerpc-gekko/4.2.4/crtbegin.o
 .rela.text.__lwp_wkspace_heapfree
                0x00000000        0x0 c:/devkitpro/devkitppc/bin/../lib/gcc/powerpc-gekko/4.2.4/crtbegin.o
 .rela.text.__lwp_objmgr_initinfo
                0x00000000        0x0 c:/devkitpro/devkitppc/bin/../lib/gcc/powerpc-gekko/4.2.4/crtbegin.o
 .rela.text.__irq_init
                0x00000000        0x0 c:/devkitpro/devkitppc/bin/../lib/gcc/powerpc-gekko/4.2.4/crtbegin.o
 .rela.text.LWP_MutexInit
                0x00000000        0x0 c:/devkitpro/devkitppc/bin/../lib/gcc/powerpc-gekko/4.2.4/crtbegin.o
 .rela.text.__lwp_mutex_init
                0x00000000        0x0 c:/devkitpro/devkitppc/bin/../lib/gcc/powerpc-gekko/4.2.4/crtbegin.o
 .rela.text.LWP_MutexDestroy
                0x00000000        0x0 c:/devkitpro/devkitppc/bin/../lib/gcc/powerpc-gekko/4.2.4/crtbegin.o
 .rela.text.__lwp_mutex_locksupp
                0x00000000        0x0 c:/devkitpro/devkitppc/bin/../lib/gcc/powerpc-gekko/4.2.4/crtbegin.o
 .rela.text.LWP_MutexUnlock
                0x00000000        0x0 c:/devkitpro/devkitppc/bin/../lib/gcc/powerpc-gekko/4.2.4/crtbegin.o
 .rela.text.__sram_sync
                0x00000000        0x0 c:/devkitpro/devkitppc/bin/../lib/gcc/powerpc-gekko/4.2.4/crtbegin.o
 .rela.text.__locksram
                0x00000000        0x0 c:/devkitpro/devkitppc/bin/../lib/gcc/powerpc-gekko/4.2.4/crtbegin.o
 .rela.text.__sram_init
                0x00000000        0x0 c:/devkitpro/devkitppc/bin/../lib/gcc/powerpc-gekko/4.2.4/crtbegin.o
 .rela.text.SYS_Init
                0x00000000        0x0 c:/devkitpro/devkitppc/bin/../lib/gcc/powerpc-gekko/4.2.4/crtbegin.o
 .rela.text.__unlocksram
                0x00000000        0x0 c:/devkitpro/devkitppc/bin/../lib/gcc/powerpc-gekko/4.2.4/crtbegin.o
 .rela.text.__sram_writecallback
                0x00000000        0x0 c:/devkitpro/devkitppc/bin/../lib/gcc/powerpc-gekko/4.2.4/crtbegin.o
 .rela.text.SYS_CancelAlarm
                0x00000000        0x0 c:/devkitpro/devkitppc/bin/../lib/gcc/powerpc-gekko/4.2.4/crtbegin.o
 .rela.text.SYS_RemoveAlarm
                0x00000000        0x0 c:/devkitpro/devkitppc/bin/../lib/gcc/powerpc-gekko/4.2.4/crtbegin.o
 .rela.text.SYS_SetAlarm
                0x00000000        0x0 c:/devkitpro/devkitppc/bin/../lib/gcc/powerpc-gekko/4.2.4/crtbegin.o
 .rela.text.__sys_alarmhandler
                0x00000000        0x0 c:/devkitpro/devkitppc/bin/../lib/gcc/powerpc-gekko/4.2.4/crtbegin.o
 .rela.text.SYS_SetPeriodicAlarm
                0x00000000        0x0 c:/devkitpro/devkitppc/bin/../lib/gcc/powerpc-gekko/4.2.4/crtbegin.o
 .rela.text.__lwp_cond_init
                0x00000000        0x0 c:/devkitpro/devkitppc/bin/../lib/gcc/powerpc-gekko/4.2.4/crtbegin.o
 .rela.text.LWP_CondDestroy
                0x00000000        0x0 c:/devkitpro/devkitppc/bin/../lib/gcc/powerpc-gekko/4.2.4/crtbegin.o
 .rela.text.LWP_CondInit
                0x00000000        0x0 c:/devkitpro/devkitppc/bin/../lib/gcc/powerpc-gekko/4.2.4/crtbegin.o
 .rela.text.__lwp_cond_signalsupp
                0x00000000        0x0 c:/devkitpro/devkitppc/bin/../lib/gcc/powerpc-gekko/4.2.4/crtbegin.o
 .rela.text.__lwp_cond_waitsupp
                0x00000000        0x0 c:/devkitpro/devkitppc/bin/../lib/gcc/powerpc-gekko/4.2.4/crtbegin.o
 .rela.text.c_decrementer_handler
                0x00000000        0x0 c:/devkitpro/devkitppc/bin/../lib/gcc/powerpc-gekko/4.2.4/crtbegin.o
 .rela.text.__lwp_mqbox_init
                0x00000000        0x0 c:/devkitpro/devkitppc/bin/../lib/gcc/powerpc-gekko/4.2.4/crtbegin.o
 .rela.text.MQ_Close
                0x00000000        0x0 c:/devkitpro/devkitppc/bin/../lib/gcc/powerpc-gekko/4.2.4/crtbegin.o
 .rela.text.MQ_Init
                0x00000000        0x0 c:/devkitpro/devkitppc/bin/../lib/gcc/powerpc-gekko/4.2.4/crtbegin.o
 .rela.text.MQ_Jam
                0x00000000        0x0 c:/devkitpro/devkitppc/bin/../lib/gcc/powerpc-gekko/4.2.4/crtbegin.o
 .rela.text.MQ_Receive
                0x00000000        0x0 c:/devkitpro/devkitppc/bin/../lib/gcc/powerpc-gekko/4.2.4/crtbegin.o
 .rela.text.MQ_Send
                0x00000000        0x0 c:/devkitpro/devkitppc/bin/../lib/gcc/powerpc-gekko/4.2.4/crtbegin.o
 .rela.text.__ios_ioctlvformat_parse
                0x00000000        0x0 c:/devkitpro/devkitppc/bin/../lib/gcc/powerpc-gekko/4.2.4/crtbegin.o
 .rela.text.__ioctlvfmtCB
                0x00000000        0x0 c:/devkitpro/devkitppc/bin/../lib/gcc/powerpc-gekko/4.2.4/crtbegin.o
 .rela.text.IOS_IoctlvFormatAsync
                0x00000000        0x0 c:/devkitpro/devkitppc/bin/../lib/gcc/powerpc-gekko/4.2.4/crtbegin.o
 .rela.text.IOS_IoctlvFormat
                0x00000000        0x0 c:/devkitpro/devkitppc/bin/../lib/gcc/powerpc-gekko/4.2.4/crtbegin.o
 .rela.text.nanosleep
                0x00000000        0x0 c:/devkitpro/devkitppc/bin/../lib/gcc/powerpc-gekko/4.2.4/crtbegin.o
 .rela.text.__libc_init
                0x00000000        0x0 c:/devkitpro/devkitppc/bin/../lib/gcc/powerpc-gekko/4.2.4/crtbegin.o
 .rela.text.__libc_wrapup
                0x00000000        0x0 c:/devkitpro/devkitppc/bin/../lib/gcc/powerpc-gekko/4.2.4/crtbegin.o
 .rela.text.__libc_delete_hook
                0x00000000        0x0 c:/devkitpro/devkitppc/bin/../lib/gcc/powerpc-gekko/4.2.4/crtbegin.o
 .rela.text.__libogc_sbrk_r
                0x00000000        0x0 c:/devkitpro/devkitppc/bin/../lib/gcc/powerpc-gekko/4.2.4/crtbegin.o
 .rela.text.__CheckARGV
                0x00000000        0x0 c:/devkitpro/devkitppc/bin/../lib/gcc/powerpc-gekko/4.2.4/crtbegin.o
 .rela.text.__lwp_priority_init
                0x00000000        0x0 c:/devkitpro/devkitppc/bin/../lib/gcc/powerpc-gekko/4.2.4/crtbegin.o
 .rela.text.__lwp_threadqueue_extractpriority
                0x00000000        0x0 c:/devkitpro/devkitppc/bin/../lib/gcc/powerpc-gekko/4.2.4/crtbegin.o
 .rela.text.__lwp_threadqueue_extractfifo
                0x00000000        0x0 c:/devkitpro/devkitppc/bin/../lib/gcc/powerpc-gekko/4.2.4/crtbegin.o
 .rela.text.__lwp_threadqueue_dequeuepriority
                0x00000000        0x0 c:/devkitpro/devkitppc/bin/../lib/gcc/powerpc-gekko/4.2.4/crtbegin.o
 .rela.text.__lwp_threadqueue_enqueuepriority
                0x00000000        0x0 c:/devkitpro/devkitppc/bin/../lib/gcc/powerpc-gekko/4.2.4/crtbegin.o
 .rela.text.__lwp_threadqueue_dequeuefifo
                0x00000000        0x0 c:/devkitpro/devkitppc/bin/../lib/gcc/powerpc-gekko/4.2.4/crtbegin.o
 .rela.text.__lwp_threadqueue_enqueuefifo
                0x00000000        0x0 c:/devkitpro/devkitppc/bin/../lib/gcc/powerpc-gekko/4.2.4/crtbegin.o
 .rela.text.__lwp_threadqueue_enqueue
                0x00000000        0x0 c:/devkitpro/devkitppc/bin/../lib/gcc/powerpc-gekko/4.2.4/crtbegin.o
 .rela.text.__lwpmq_close
                0x00000000        0x0 c:/devkitpro/devkitppc/bin/../lib/gcc/powerpc-gekko/4.2.4/crtbegin.o
 .rela.text.__lwpmq_initialize
                0x00000000        0x0 c:/devkitpro/devkitppc/bin/../lib/gcc/powerpc-gekko/4.2.4/crtbegin.o
 .rela.text.__exception_sethandler
                0x00000000        0x0 c:/devkitpro/devkitppc/bin/../lib/gcc/powerpc-gekko/4.2.4/crtbegin.o
 .rela.text.__exception_init
                0x00000000        0x0 c:/devkitpro/devkitppc/bin/../lib/gcc/powerpc-gekko/4.2.4/crtbegin.o
 .rela.text.__systemcall_init
                0x00000000        0x0 c:/devkitpro/devkitppc/bin/../lib/gcc/powerpc-gekko/4.2.4/crtbegin.o
 .rela.text.__lwp_sema_init
                0x00000000        0x0 c:/devkitpro/devkitppc/bin/../lib/gcc/powerpc-gekko/4.2.4/crtbegin.o
 .rela.text.LWP_SemInit
                0x00000000        0x0 c:/devkitpro/devkitppc/bin/../lib/gcc/powerpc-gekko/4.2.4/crtbegin.o
 .rela.text.LWP_SemDestroy
                0x00000000        0x0 c:/devkitpro/devkitppc/bin/../lib/gcc/powerpc-gekko/4.2.4/crtbegin.o
 .rela.text.LWP_SemPost
                0x00000000        0x0 c:/devkitpro/devkitppc/bin/../lib/gcc/powerpc-gekko/4.2.4/crtbegin.o
 .rela.text.LWP_SemWait
                0x00000000        0x0 c:/devkitpro/devkitppc/bin/../lib/gcc/powerpc-gekko/4.2.4/crtbegin.o
 .rela.text.kprintf
                0x00000000        0x0 c:/devkitpro/devkitppc/bin/../lib/gcc/powerpc-gekko/4.2.4/crtbegin.o
 .rela.text.__card_readcid
                0x00000000        0x0 c:/devkitpro/devkitppc/bin/../lib/gcc/powerpc-gekko/4.2.4/crtbegin.o
 .rela.text.__card_readcsd
                0x00000000        0x0 c:/devkitpro/devkitppc/bin/../lib/gcc/powerpc-gekko/4.2.4/crtbegin.o
 .rela.text.__card_sd_status
                0x00000000        0x0 c:/devkitpro/devkitppc/bin/../lib/gcc/powerpc-gekko/4.2.4/crtbegin.o
 .rela.text.sdgecko_initIO
                0x00000000        0x0 c:/devkitpro/devkitppc/bin/../lib/gcc/powerpc-gekko/4.2.4/crtbegin.o

.rel.fini
 *(.rel.fini)

.rela.fini
 *(.rela.fini)

.rel.rodata
 *(.rel.rodata .rel.rodata.* .rel.gnu.linkonce.r.*)

.rela.rodata    0x80004208        0x0
 *(.rela.rodata .rela.rodata.* .rela.gnu.linkonce.r.*)
 .rela.rodata.dotab_fat
                0x00000000        0x0 c:/devkitpro/devkitppc/bin/../lib/gcc/powerpc-gekko/4.2.4/crtbegin.o

.rel.data
 *(.rel.data .rel.data.* .rel.gnu.linkonce.d.*)

.rela.data
 *(.rela.data .rela.data.* .rela.gnu.linkonce.d.*)

.rel.tdata
 *(.rel.tdata .rel.tdata.* .rel.gnu.linkonce.td.*)

.rela.tdata
 *(.rela.tdata .rela.tdata.* .rela.gnu.linkonce.td.*)

.rel.tbss
 *(.rel.tbss .rel.tbss.* .rel.gnu.linkonce.tb.*)

.rela.tbss
 *(.rela.tbss .rela.tbss.* .rela.gnu.linkonce.tb.*)

.rel.ctors
 *(.rel.ctors)

.rela.ctors
 *(.rela.ctors)

.rel.dtors
 *(.rel.dtors)

.rela.dtors
 *(.rela.dtors)

.rel.got
 *(.rel.got)

.rela.got
 *(.rela.got)

.rela.got1
 *(.rela.got1)

.rela.got2      0x80004208        0x0
 *(.rela.got2)
 .rela.got2     0x00000000        0x0 c:/devkitpro/devkitppc/bin/../lib/gcc/powerpc-gekko/4.2.4/crtbegin.o

.rel.sdata
 *(.rel.sdata .rel.sdata.* .rel.gnu.linkonce.s.*)

.rela.sdata
 *(.rela.sdata .rela.sdata.* .rela.gnu.linkonce.s.*)

.rel.sbss
 *(.rel.sbss .rel.sbss.* .rel.gnu.linkonce.sb.*)

.rela.sbss
 *(.rela.sbss .rela.sbss.* .rel.gnu.linkonce.sb.*)

.rel.sdata2
 *(.rel.sdata2 .rel.sdata2.* .rel.gnu.linkonce.s2.*)

.rela.sdata2    0x80004208        0x0
 *(.rela.sdata2 .rela.sdata2.* .rela.gnu.linkonce.s2.*)
 .rela.sdata2.__sys_inIPL
                0x00000000        0x0 c:/devkitpro/devkitppc/bin/../lib/gcc/powerpc-gekko/4.2.4/crtbegin.o

.rel.sbss2
 *(.rel.sbss2 .rel.sbss2.* .rel.gnu.linkonce.sb2.*)

.rela.sbss2
 *(.rela.sbss2 .rela.sbss2.* .rela.gnu.linkonce.sb2.*)

.rel.bss
 *(.rel.bss .rel.bss.* .rel.gnu.linkonce.b.*)

.rela.bss
 *(.rela.bss .rela.bss.* .rela.gnu.linkonce.b.*)

.rel.plt
 *(.rel.plt)

.rela.plt
 *(.rela.plt)

.text           0x80004220    0x45720
 *(.text)
 .text          0x80004220      0x140 c:/devkitpro/devkitppc/bin/../lib/gcc/powerpc-gekko/4.2.4/crtbegin.o
 .text          0x80004360       0x48 c:/devkitpro/devkitppc/bin/../lib/gcc/powerpc-gekko/4.2.4/../../../../powerpc-gekko/lib/crtmain.o
                0x80004364                __crtmain
 *fill*         0x800043a8       0x18 00000000
 .text          0x800043c0      0x4ec c:/devkitPro/libogc/lib/wii\libogc.a(lwp_handler.o)
                0x80004500                _cpu_context_restore_fp
                0x800047c0                _cpu_context_save
                0x800043c0                _cpu_context_save_fp
                0x80004640                _cpu_context_switch
                0x80004840                _cpu_context_restore
 .text          0x800048ac      0x5c4 c:/devkitPro/libogc/lib/wii\libogc.a(system_asm.o)
                0x80004944                __configMEM1_48Mb
                0x80004dd0                __reset
                0x800048ac                __realmode
                0x80004cb4                __CacheInit
                0x80004aa4                __configMEM2_64Mb
                0x80004d18                __SystemInit
                0x80004c00                __configMEM2_128Mb
                0x800048c4                __configMEM1_24Mb
                0x80004c7c                __PSInit
                0x800049c4                __configMEM2_56Mb
                0x80004b20                __configMEM2_112Mb
                0x80004d9c                __flush_cache
                0x80004e40                SYS_SwitchFiber
 .text          0x80004e70      0x1b0 c:/devkitPro/libogc/lib/wii\libogc.a(irq_handler.o)
                0x80004e70                irq_exceptionhandler
 .text          0x80005020      0x118 c:/devkitPro/libogc/lib/wii\libogc.a(video_asm.o)
                0x80005020                __VIClearFramebuffer
 .text          0x80005138      0x4d8 c:/devkitPro/libogc/lib/wii\libogc.a(cache_asm.o)
                0x80005414                L2Disable
                0x8000519c                DCBlockZero
                0x80005254                DCFlushRangeNoSync
                0x800053a8                ICBlockInvalidate
                0x80005138                DCFlashInvalidate
                0x800051a4                DCBlockStore
                0x800052b4                DCZeroRange
                0x800055c8                LCLoadBlocks
                0x80005194                DCTouchLoad
                0x80005588                LCAllocTags
                0x80005370                ICDisable
                0x8000535c                ICEnable
                0x8000542c                L2GlobalInvalidate
                0x800055ec                LCStoreBlocks
                0x8000534c                ICFlashInvalidate
                0x800052e4                DCTouchRange
                0x80005284                DCStoreRangeNoSync
                0x80005384                ICFreeze
                0x8000515c                DCDisable
                0x800051ac                DCBlockFlush
                0x80005148                DCEnable
                0x80005400                L2Enable
                0x80005484                __LCEnable
                0x800051bc                DCInvalidateRange
                0x80005574                LCAllocOneTag
                0x80005184                DCUnfreeze
                0x80005314                ICInvalidateRange
                0x800051ec                DCFlushRange
                0x800053b0                ICSync
                0x800051b4                DCBlockInvalidate
                0x80005170                DCFreeze
                0x800053b8                L2Init
                0x80005398                ICUnfreeze
                0x80005220                DCStoreRange
                0x8000554c                LCDisable
 .text          0x80005610      0x1b0 c:/devkitPro/libogc/lib/wii\libogc.a(decrementer_handler.o)
                0x80005610                dec_exceptionhandler
 .text          0x800057c0      0x35c c:/devkitPro/libogc/lib/wii\libogc.a(exception_handler.o)
                0x800057c0                exceptionhandler_start
                0x80005874                default_exceptionhandler
                0x80005b18                systemcallhandler_end
                0x80005aec                systemcallhandler_start
                0x80005870                exceptionhandler_end
                0x8000583c                exceptionhandler_patch
                0x800059b4                fpu_exceptionhandler
 .text          0x80005b1c       0x34 c:/devkitpro/devkitppc/bin/../lib/gcc/powerpc-gekko/4.2.4/../../../../powerpc-gekko/lib\libm.a(lib_a-s_atan2.o)
                0x80005b1c                atan2
 .text          0x80005b50      0x284 c:/devkitpro/devkitppc/bin/../lib/gcc/powerpc-gekko/4.2.4/../../../../powerpc-gekko/lib\libm.a(lib_a-s_atangent.o)
                0x80005b50                atangent
 .text          0x80005dd4       0x24 c:/devkitpro/devkitppc/bin/../lib/gcc/powerpc-gekko/4.2.4/../../../../powerpc-gekko/lib\libm.a(lib_a-s_cos.o)
                0x80005dd4                cos
 .text          0x80005df8       0xb4 c:/devkitpro/devkitppc/bin/../lib/gcc/powerpc-gekko/4.2.4/../../../../powerpc-gekko/lib\libm.a(lib_a-s_fabs.o)
                0x80005df8                fabs
 .text          0x80005eac       0xb4 c:/devkitpro/devkitppc/bin/../lib/gcc/powerpc-gekko/4.2.4/../../../../powerpc-gekko/lib\libm.a(lib_a-s_frexp.o)
                0x80005eac                frexp
 .text          0x80005f60       0x50 c:/devkitpro/devkitppc/bin/../lib/gcc/powerpc-gekko/4.2.4/../../../../powerpc-gekko/lib\libm.a(lib_a-s_numtest.o)
                0x80005f60                numtest
 .text          0x80005fb0       0x24 c:/devkitpro/devkitppc/bin/../lib/gcc/powerpc-gekko/4.2.4/../../../../powerpc-gekko/lib\libm.a(lib_a-s_sin.o)
                0x80005fb0                sin
 .text          0x80005fd4      0x2c4 c:/devkitpro/devkitppc/bin/../lib/gcc/powerpc-gekko/4.2.4/../../../../powerpc-gekko/lib\libm.a(lib_a-s_sine.o)
                0x80005fd4                sine
 .text          0x80006298      0x184 c:/devkitpro/devkitppc/bin/../lib/gcc/powerpc-gekko/4.2.4/../../../../powerpc-gekko/lib\libm.a(lib_a-s_sqrt.o)
                0x80006298                sqrt
 .text          0x8000641c       0xc8 c:/devkitpro/devkitppc/bin/../lib/gcc/powerpc-gekko/4.2.4/../../../../powerpc-gekko/lib\libm.a(lib_a-sf_atan.o)
                0x8000641c                atanf
 .text          0x800064e4       0x38 c:/devkitpro/devkitppc/bin/../lib/gcc/powerpc-gekko/4.2.4/../../../../powerpc-gekko/lib\libm.a(lib_a-sf_atan2.o)
                0x800064e4                atan2f
 .text          0x8000651c      0x250 c:/devkitpro/devkitppc/bin/../lib/gcc/powerpc-gekko/4.2.4/../../../../powerpc-gekko/lib\libm.a(lib_a-sf_atangent.o)
                0x8000651c                atangentf
 .text          0x8000676c       0x24 c:/devkitpro/devkitppc/bin/../lib/gcc/powerpc-gekko/4.2.4/../../../../powerpc-gekko/lib\libm.a(lib_a-sf_cos.o)
                0x8000676c                cosf
 .text          0x80006790       0xb4 c:/devkitpro/devkitppc/bin/../lib/gcc/powerpc-gekko/4.2.4/../../../../powerpc-gekko/lib\libm.a(lib_a-sf_fabs.o)
                0x80006790                fabsf
 .text          0x80006844       0xa8 c:/devkitpro/devkitppc/bin/../lib/gcc/powerpc-gekko/4.2.4/../../../../powerpc-gekko/lib\libm.a(lib_a-sf_fpclassify.o)
                0x80006844                __fpclassifyf
 .text          0x800068ec       0x90 c:/devkitpro/devkitppc/bin/../lib/gcc/powerpc-gekko/4.2.4/../../../../powerpc-gekko/lib\libm.a(lib_a-sf_frexp.o)
                0x800068ec                frexpf
 .text          0x8000697c       0x24 c:/devkitpro/devkitppc/bin/../lib/gcc/powerpc-gekko/4.2.4/../../../../powerpc-gekko/lib\libm.a(lib_a-sf_isinff.o)
                0x8000697c                __isinff
 .text          0x800069a0       0x28 c:/devkitpro/devkitppc/bin/../lib/gcc/powerpc-gekko/4.2.4/../../../../powerpc-gekko/lib\libm.a(lib_a-sf_isnanf.o)
                0x800069a0                __isnanf
 .text          0x800069c8       0x48 c:/devkitpro/devkitppc/bin/../lib/gcc/powerpc-gekko/4.2.4/../../../../powerpc-gekko/lib\libm.a(lib_a-sf_numtest.o)
                0x800069c8                numtestf
 .text          0x80006a10       0x24 c:/devkitpro/devkitppc/bin/../lib/gcc/powerpc-gekko/4.2.4/../../../../powerpc-gekko/lib\libm.a(lib_a-sf_sin.o)
                0x80006a10                sinf
 .text          0x80006a34      0x2b8 c:/devkitpro/devkitppc/bin/../lib/gcc/powerpc-gekko/4.2.4/../../../../powerpc-gekko/lib\libm.a(lib_a-sf_sine.o)
                0x80006a34                sinef
 .text          0x80006cec      0x190 c:/devkitpro/devkitppc/bin/../lib/gcc/powerpc-gekko/4.2.4/../../../../powerpc-gekko/lib\libm.a(lib_a-sf_sqrt.o)
                0x80006cec                sqrtf
 .text          0x80006e7c       0x1c c:/devkitpro/devkitppc/bin/../lib/gcc/powerpc-gekko/4.2.4/../../../../powerpc-gekko/lib\libm.a(lib_a-s_ispos.o)
                0x80006e7c                ispos
 .text          0x80006e98      0x154 c:/devkitpro/devkitppc/bin/../lib/gcc/powerpc-gekko/4.2.4/../../../../powerpc-gekko/lib\libm.a(lib_a-s_ldexp.o)
                0x80006e98                ldexp
 .text          0x80006fec       0x1c c:/devkitpro/devkitppc/bin/../lib/gcc/powerpc-gekko/4.2.4/../../../../powerpc-gekko/lib\libm.a(lib_a-sf_ispos.o)
                0x80006fec                isposf
 .text          0x80007008      0x14c c:/devkitpro/devkitppc/bin/../lib/gcc/powerpc-gekko/4.2.4/../../../../powerpc-gekko/lib\libm.a(lib_a-sf_ldexp.o)
                0x80007008                ldexpf
 .text          0x80007154       0x38 c:/devkitpro/devkitppc/bin/../lib/gcc/powerpc-gekko/4.2.4/../../../../powerpc-gekko/lib\libm.a(lib_a-s_isnand.o)
                0x80007154                __isnand
 .text          0x8000718c      0x408 c:/devkitpro/devkitppc/bin/../lib/gcc/powerpc-gekko/4.2.4\libgcc.a(_udivdi3.o)
                0x8000718c                __udivdi3
 .text          0x80007594       0x28 c:/devkitpro/devkitppc/bin/../lib/gcc/powerpc-gekko/4.2.4/../../../../powerpc-gekko/lib\libsysbase.a(abort.o)
                0x80007594                abort
 .text          0x800075bc      0x2c4 c:/devkitpro/devkitppc/bin/../lib/gcc/powerpc-gekko/4.2.4/../../../../powerpc-gekko/lib\libsysbase.a(iosupport.o)
                0x80007830                RemoveDevice
                0x800075bc                setDefaultDevice
                0x800075d4                AddDevice
                0x800077ec                GetDeviceOpTab
                0x800076fc                FindDevice
 .text          0x80007880       0x28 c:/devkitpro/devkitppc/bin/../lib/gcc/powerpc-gekko/4.2.4/../../../../powerpc-gekko/lib\libsysbase.a(_exit.o)
                0x80007880                _exit
 .text          0x800078a8       0x88 c:/devkitpro/devkitppc/bin/../lib/gcc/powerpc-gekko/4.2.4/../../../../powerpc-gekko/lib\libsysbase.a(mkdir.o)
                0x800078a8                mkdir
 .text          0x80007930       0x9c c:/devkitpro/devkitppc/bin/../lib/gcc/powerpc-gekko/4.2.4/../../../../powerpc-gekko/lib\libsysbase.a(build_argv.o)
                0x80007930                build_argv
 .text          0x800079cc      0x168 c:/devkitpro/devkitppc/bin/../lib/gcc/powerpc-gekko/4.2.4/../../../../powerpc-gekko/lib\libsysbase.a(syscall_support.o)
                0x80007b00                __malloc_unlock
                0x80007a4c                __libc_lock_release
                0x800079cc                __libc_lock_init
                0x80007acc                __malloc_lock
                0x80007a0c                __libc_lock_close
                0x80007a8c                __libc_lock_acquire
 .text          0x80007b34      0x3d0 c:/devkitpro/devkitppc/bin/../lib/gcc/powerpc-gekko/4.2.4/../../../../powerpc-gekko/lib\libsysbase.a(dirent.o)
                0x80007b88                seekdir
                0x80007b4c                rewinddir
                0x80007c3c                readdir_r
                0x80007d28                readdir
                0x80007e78                opendir
                0x80007e18                closedir
                0x80007b34                telldir
 .text          0x80007f04      0x290 c:/devkitpro/devkitppc/bin/../lib/gcc/powerpc-gekko/4.2.4/../../../../powerpc-gekko/lib\libsysbase.a(dir.o)
                0x80007f04                dirreset
                0x80007f70                dirnext
                0x80008078                diropen
                0x80007fec                dirclose
 .text          0x80008194       0x34 c:/devkitpro/devkitppc/bin/../lib/gcc/powerpc-gekko/4.2.4/../../../../powerpc-gekko/lib\libc.a(lib_a-calloc.o)
                0x80008194                calloc
 .text          0x800081c8       0xd0 c:/devkitpro/devkitppc/bin/../lib/gcc/powerpc-gekko/4.2.4/../../../../powerpc-gekko/lib\libc.a(lib_a-callocr.o)
                0x800081c8                _calloc_r
 .text          0x80008298        0xc c:/devkitpro/devkitppc/bin/../lib/gcc/powerpc-gekko/4.2.4/../../../../powerpc-gekko/lib\libc.a(lib_a-errno.o)
                0x80008298                __errno
 .text          0x800082a4       0x40 c:/devkitpro/devkitppc/bin/../lib/gcc/powerpc-gekko/4.2.4/../../../../powerpc-gekko/lib\libc.a(lib_a-exit.o)
                0x800082a4                exit
 .text          0x800082e4      0x188 c:/devkitpro/devkitppc/bin/../lib/gcc/powerpc-gekko/4.2.4/../../../../powerpc-gekko/lib\libc.a(lib_a-fclose.o)
                0x800082e4                _fclose_r
                0x8000845c                fclose
 .text          0x8000846c      0x350 c:/devkitpro/devkitppc/bin/../lib/gcc/powerpc-gekko/4.2.4/../../../../powerpc-gekko/lib\libc.a(lib_a-fflush.o)
                0x8000876c                fflush
                0x8000846c                _fflush_r
 .text          0x800087bc      0x4ac c:/devkitpro/devkitppc/bin/../lib/gcc/powerpc-gekko/4.2.4/../../../../powerpc-gekko/lib\libc.a(lib_a-findfp.o)
                0x800089a8                __sinit
                0x80008ac8                __sfmoreglue
                0x800087e4                _cleanup
                0x800087bc                _cleanup_r
                0x80008a94                __fp_lock_all
                0x80008a44                __sfp_lock_acquire
                0x80008b40                __sfp
                0x80008850                __sinit_lock_release
                0x800088a4                __fp_unlock_all
                0x80008878                __sfp_lock_release
                0x8000895c                __sinit_lock_acquire
 .text          0x80008c68      0x154 c:/devkitpro/devkitppc/bin/../lib/gcc/powerpc-gekko/4.2.4/../../../../powerpc-gekko/lib\libc.a(lib_a-fopen.o)
                0x80008da4                fopen
                0x80008c68                _fopen_r
 .text          0x80008dbc      0x110 c:/devkitpro/devkitppc/bin/../lib/gcc/powerpc-gekko/4.2.4/../../../../powerpc-gekko/lib\libc.a(lib_a-fprintf.o)
                0x80008dbc                fprintf
                0x80008e50                _fprintf_r
 .text          0x80008ecc      0x3c0 c:/devkitpro/devkitppc/bin/../lib/gcc/powerpc-gekko/4.2.4/../../../../powerpc-gekko/lib\libc.a(lib_a-fread.o)
                0x80009264                fread
                0x80008ecc                _fread_r
 .text          0x8000928c      0x3f8 c:/devkitpro/devkitppc/bin/../lib/gcc/powerpc-gekko/4.2.4/../../../../powerpc-gekko/lib\libc.a(lib_a-freer.o)
                0x800093a8                _free_r
                0x8000928c                _malloc_trim_r
 .text          0x80009684      0x704 c:/devkitpro/devkitppc/bin/../lib/gcc/powerpc-gekko/4.2.4/../../../../powerpc-gekko/lib\libc.a(lib_a-fseek.o)
                0x80009d68                fseek
                0x80009684                _fseek_r
 .text          0x80009d88      0x1e4 c:/devkitpro/devkitppc/bin/../lib/gcc/powerpc-gekko/4.2.4/../../../../powerpc-gekko/lib\libc.a(lib_a-ftell.o)
                0x80009f5c                ftell
                0x80009d88                _ftell_r
 .text          0x80009f6c      0x20c c:/devkitpro/devkitppc/bin/../lib/gcc/powerpc-gekko/4.2.4/../../../../powerpc-gekko/lib\libc.a(lib_a-fwalk.o)
                0x8000a078                _fwalk
                0x80009f6c                _fwalk_reent
 .text          0x8000a178      0x17c c:/devkitpro/devkitppc/bin/../lib/gcc/powerpc-gekko/4.2.4/../../../../powerpc-gekko/lib\libc.a(lib_a-fwrite.o)
                0x8000a178                _fwrite_r
                0x8000a2cc                fwrite
 .text          0x8000a2f4       0x2c c:/devkitpro/devkitppc/bin/../lib/gcc/powerpc-gekko/4.2.4/../../../../powerpc-gekko/lib\libc.a(lib_a-lcltime.o)
                0x8000a2f4                localtime
 .text          0x8000a320       0x24 c:/devkitpro/devkitppc/bin/../lib/gcc/powerpc-gekko/4.2.4/../../../../powerpc-gekko/lib\libc.a(lib_a-lcltime_r.o)
                0x8000a320                localtime_r
 .text          0x8000a344      0x4c4 c:/devkitpro/devkitppc/bin/../lib/gcc/powerpc-gekko/4.2.4/../../../../powerpc-gekko/lib\libc.a(lib_a-locale.o)
                0x8000a368                _setlocale_r
                0x8000a344                __locale_charset
                0x8000a350                _localeconv_r
                0x8000a7f0                setlocale
                0x8000a35c                localeconv
 .text          0x8000a808      0x1bc c:/devkitpro/devkitppc/bin/../lib/gcc/powerpc-gekko/4.2.4/../../../../powerpc-gekko/lib\libc.a(lib_a-makebuf.o)
                0x8000a808                __smakebuf_r
 .text          0x8000a9c4       0x34 c:/devkitpro/devkitppc/bin/../lib/gcc/powerpc-gekko/4.2.4/../../../../powerpc-gekko/lib\libc.a(lib_a-malign.o)
                0x8000a9c4                memalign
 .text          0x8000a9f8      0x1b0 c:/devkitpro/devkitppc/bin/../lib/gcc/powerpc-gekko/4.2.4/../../../../powerpc-gekko/lib\libc.a(lib_a-malignr.o)
                0x8000a9f8                _memalign_r
 .text          0x8000aba8       0x58 c:/devkitpro/devkitppc/bin/../lib/gcc/powerpc-gekko/4.2.4/../../../../powerpc-gekko/lib\libc.a(lib_a-malloc.o)
                0x8000abd4                malloc
                0x8000aba8                free
 .text          0x8000ac00      0x86c c:/devkitpro/devkitppc/bin/../lib/gcc/powerpc-gekko/4.2.4/../../../../powerpc-gekko/lib\libc.a(lib_a-mallocr.o)
                0x8000ac00                _malloc_r
 .text          0x8000b46c       0xb4 c:/devkitpro/devkitppc/bin/../lib/gcc/powerpc-gekko/4.2.4/../../../../powerpc-gekko/lib\libc.a(lib_a-mbrtowc.o)
                0x8000b4f8                mbrtowc
                0x8000b46c                _mbrtowc_r
 .text          0x8000b520      0x1d4 c:/devkitpro/devkitppc/bin/../lib/gcc/powerpc-gekko/4.2.4/../../../../powerpc-gekko/lib\libc.a(lib_a-mbsrtowcs.o)
                0x8000b6cc                mbsrtowcs
                0x8000b520                _mbsrtowcs_r
 .text          0x8000b6f4      0x9a8 c:/devkitpro/devkitppc/bin/../lib/gcc/powerpc-gekko/4.2.4/../../../../powerpc-gekko/lib\libc.a(lib_a-mbtowc_r.o)
                0x8000b6f4                _mbtowc_r
 .text          0x8000c09c       0x8c c:/devkitpro/devkitppc/bin/../lib/gcc/powerpc-gekko/4.2.4/../../../../powerpc-gekko/lib\libc.a(lib_a-memcmp.o)
                0x8000c09c                memcmp
 .text          0x8000c128       0xc8 c:/devkitpro/devkitppc/bin/../lib/gcc/powerpc-gekko/4.2.4/../../../../powerpc-gekko/lib\libc.a(lib_a-memcpy.o)
                0x8000c128                memcpy
 .text          0x8000c1f0      0x104 c:/devkitpro/devkitppc/bin/../lib/gcc/powerpc-gekko/4.2.4/../../../../powerpc-gekko/lib\libc.a(lib_a-memmove.o)
                0x8000c1f0                memmove
 .text          0x8000c2f4       0xac c:/devkitpro/devkitppc/bin/../lib/gcc/powerpc-gekko/4.2.4/../../../../powerpc-gekko/lib\libc.a(lib_a-memset.o)
                0x8000c2f4                memset
 .text          0x8000c3a0      0x72c c:/devkitpro/devkitppc/bin/../lib/gcc/powerpc-gekko/4.2.4/../../../../powerpc-gekko/lib\libc.a(lib_a-mktime.o)
                0x8000c6f0                mktime
 .text          0x8000cacc      0x870 c:/devkitpro/devkitppc/bin/../lib/gcc/powerpc-gekko/4.2.4/../../../../powerpc-gekko/lib\libc.a(lib_a-mktm_r.o)
                0x8000cacc                __tzcalc_limits
                0x8000cd40                _mktm_r
 .text          0x8000d33c      0x124 c:/devkitpro/devkitppc/bin/../lib/gcc/powerpc-gekko/4.2.4/../../../../powerpc-gekko/lib\libc.a(lib_a-printf.o)
                0x8000d33c                printf
                0x8000d3d4                _printf_r
 .text          0x8000d460       0x58 c:/devkitpro/devkitppc/bin/../lib/gcc/powerpc-gekko/4.2.4/../../../../powerpc-gekko/lib\libc.a(lib_a-putchar.o)
                0x8000d460                putchar
                0x8000d494                _putchar_r
 .text          0x8000d4b8       0xa8 c:/devkitpro/devkitppc/bin/../lib/gcc/powerpc-gekko/4.2.4/../../../../powerpc-gekko/lib\libc.a(lib_a-puts.o)
                0x8000d4b8                _puts_r
                0x8000d550                puts
 .text          0x8000d560       0x34 c:/devkitpro/devkitppc/bin/../lib/gcc/powerpc-gekko/4.2.4/../../../../powerpc-gekko/lib\libc.a(lib_a-realloc.o)
                0x8000d560                realloc
 .text          0x8000d594      0x668 c:/devkitpro/devkitppc/bin/../lib/gcc/powerpc-gekko/4.2.4/../../../../powerpc-gekko/lib\libc.a(lib_a-reallocr.o)
                0x8000d594                _realloc_r
 .text          0x8000dbfc      0x248 c:/devkitpro/devkitppc/bin/../lib/gcc/powerpc-gekko/4.2.4/../../../../powerpc-gekko/lib\libc.a(lib_a-reent.o)
                0x8000dcbc                cleanup_glue
                0x8000dd0c                _reclaim_reent
                0x8000dbfc                _wrapup_reent
 .text          0x8000de44      0x248 c:/devkitpro/devkitppc/bin/../lib/gcc/powerpc-gekko/4.2.4/../../../../powerpc-gekko/lib\libc.a(lib_a-refill.o)
                0x8000de44                __srefill_r
 .text          0x8000e08c       0x44 c:/devkitpro/devkitppc/bin/../lib/gcc/powerpc-gekko/4.2.4/../../../../powerpc-gekko/lib\libc.a(lib_a-remove.o)
                0x8000e0c0                remove
                0x8000e08c                _remove_r
 .text          0x8000e0d0      0x2cc c:/devkitpro/devkitppc/bin/../lib/gcc/powerpc-gekko/4.2.4/../../../../powerpc-gekko/lib\libc.a(lib_a-setvbuf.o)
                0x8000e0d0                setvbuf
 .text          0x8000e39c      0x230 c:/devkitpro/devkitppc/bin/../lib/gcc/powerpc-gekko/4.2.4/../../../../powerpc-gekko/lib\libc.a(lib_a-snprintf.o)
                0x8000e39c                snprintf
                0x8000e4b4                _snprintf_r
 .text          0x8000e5cc      0x188 c:/devkitpro/devkitppc/bin/../lib/gcc/powerpc-gekko/4.2.4/../../../../powerpc-gekko/lib\libc.a(lib_a-sprintf.o)
                0x8000e698                _sprintf_r
                0x8000e5cc                sprintf
 .text          0x8000e754      0x1c4 c:/devkitpro/devkitppc/bin/../lib/gcc/powerpc-gekko/4.2.4/../../../../powerpc-gekko/lib\libc.a(lib_a-sscanf.o)
                0x8000e83c                sscanf
                0x8000e75c                _sscanf_r
 .text          0x8000e918      0x184 c:/devkitpro/devkitppc/bin/../lib/gcc/powerpc-gekko/4.2.4/../../../../powerpc-gekko/lib\libc.a(lib_a-stdio.o)
                0x8000e93c                __sseek
                0x8000ea38                __sread
                0x8000e918                __sclose
                0x8000e9ac                __swrite
 .text          0x8000ea9c       0xf0 c:/devkitpro/devkitppc/bin/../lib/gcc/powerpc-gekko/4.2.4/../../../../powerpc-gekko/lib\libc.a(lib_a-strchr.o)
                0x8000ea9c                strchr
 .text          0x8000eb8c       0xc0 c:/devkitpro/devkitppc/bin/../lib/gcc/powerpc-gekko/4.2.4/../../../../powerpc-gekko/lib\libc.a(lib_a-strcmp.o)
                0x8000eb8c                strcmp
 .text          0x8000ec4c       0x74 c:/devkitpro/devkitppc/bin/../lib/gcc/powerpc-gekko/4.2.4/../../../../powerpc-gekko/lib\libc.a(lib_a-strcpy.o)
                0x8000ec4c                strcpy
 .text          0x8000ecc0       0x64 c:/devkitpro/devkitppc/bin/../lib/gcc/powerpc-gekko/4.2.4/../../../../powerpc-gekko/lib\libc.a(lib_a-strlen.o)
                0x8000ecc0                strlen
 .text          0x8000ed24       0xc0 c:/devkitpro/devkitppc/bin/../lib/gcc/powerpc-gekko/4.2.4/../../../../powerpc-gekko/lib\libc.a(lib_a-strncasecmp.o)
                0x8000ed24                strncasecmp
 .text          0x8000ede4      0x144 c:/devkitpro/devkitppc/bin/../lib/gcc/powerpc-gekko/4.2.4/../../../../powerpc-gekko/lib\libc.a(lib_a-strncmp.o)
                0x8000ede4                strncmp
 .text          0x8000ef28       0xdc c:/devkitpro/devkitppc/bin/../lib/gcc/powerpc-gekko/4.2.4/../../../../powerpc-gekko/lib\libc.a(lib_a-strncpy.o)
                0x8000ef28                strncpy
 .text          0x8000f004       0x44 c:/devkitpro/devkitppc/bin/../lib/gcc/powerpc-gekko/4.2.4/../../../../powerpc-gekko/lib\libc.a(lib_a-strnlen.o)
                0x8000f004                strnlen
 .text          0x8000f048       0x50 c:/devkitpro/devkitppc/bin/../lib/gcc/powerpc-gekko/4.2.4/../../../../powerpc-gekko/lib\libc.a(lib_a-strpbrk.o)
                0x8000f048                strpbrk
 .text          0x8000f098       0x84 c:/devkitpro/devkitppc/bin/../lib/gcc/powerpc-gekko/4.2.4/../../../../powerpc-gekko/lib\libc.a(lib_a-strrchr.o)
                0x8000f098                strrchr
 .text          0x8000f11c       0x54 c:/devkitpro/devkitppc/bin/../lib/gcc/powerpc-gekko/4.2.4/../../../../powerpc-gekko/lib\libc.a(lib_a-strstr.o)
                0x8000f11c                strstr
 .text          0x8000f170     0x135c c:/devkitpro/devkitppc/bin/../lib/gcc/powerpc-gekko/4.2.4/../../../../powerpc-gekko/lib\libc.a(lib_a-strtod.o)
                0x8000f1bc                _strtod_r
                0x800104b4                strtod
                0x80010448                strtof
 .text          0x800104cc      0x1ec c:/devkitpro/devkitppc/bin/../lib/gcc/powerpc-gekko/4.2.4/../../../../powerpc-gekko/lib\libc.a(lib_a-strtoul.o)
                0x80010698                strtoul
                0x800104cc                _strtoul_r
 .text          0x800106b8      0x288 c:/devkitpro/devkitppc/bin/../lib/gcc/powerpc-gekko/4.2.4/../../../../powerpc-gekko/lib\libc.a(lib_a-strtoull_r.o)
                0x800106b8                _strtoull_r
 .text          0x80010940       0x3c c:/devkitpro/devkitppc/bin/../lib/gcc/powerpc-gekko/4.2.4/../../../../powerpc-gekko/lib\libc.a(lib_a-syswrite.o)
                0x80010940                write
 .text          0x8001097c      0x720 c:/devkitpro/devkitppc/bin/../lib/gcc/powerpc-gekko/4.2.4/../../../../powerpc-gekko/lib\libc.a(lib_a-towlower.o)
                0x8001097c                towlower
 .text          0x8001109c      0x700 c:/devkitpro/devkitppc/bin/../lib/gcc/powerpc-gekko/4.2.4/../../../../powerpc-gekko/lib\libc.a(lib_a-towupper.o)
                0x8001109c                towupper
 .text          0x8001179c       0x74 c:/devkitpro/devkitppc/bin/../lib/gcc/powerpc-gekko/4.2.4/../../../../powerpc-gekko/lib\libc.a(lib_a-tzlock.o)
                0x8001179c                __tz_unlock
                0x800117c4                __tz_lock
 .text          0x80011810     0x2344 c:/devkitpro/devkitppc/bin/../lib/gcc/powerpc-gekko/4.2.4/../../../../powerpc-gekko/lib\libc.a(lib_a-vfprintf.o)
                0x80011870                _vfprintf_r
                0x80013b34                vfprintf
 .text          0x80013b54     0x151c c:/devkitpro/devkitppc/bin/../lib/gcc/powerpc-gekko/4.2.4/../../../../powerpc-gekko/lib\libc.a(lib_a-vfscanf.o)
                0x80014f04                __svfscanf
                0x80014f24                _vfscanf_r
                0x80014fc4                vfscanf
                0x80013b54                __svfscanf_r
 .text          0x80015070       0xa4 c:/devkitpro/devkitppc/bin/../lib/gcc/powerpc-gekko/4.2.4/../../../../powerpc-gekko/lib\libc.a(lib_a-wcrtomb.o)
                0x80015070                _wcrtomb_r
                0x800150f4                wcrtomb
 .text          0x80015114      0x1d8 c:/devkitpro/devkitppc/bin/../lib/gcc/powerpc-gekko/4.2.4/../../../../powerpc-gekko/lib\libc.a(lib_a-wcsrtombs.o)
                0x80015114                _wcsrtombs_r
                0x800152c4                wcsrtombs
 .text          0x800152ec       0x78 c:/devkitpro/devkitppc/bin/../lib/gcc/powerpc-gekko/4.2.4/../../../../powerpc-gekko/lib\libc.a(lib_a-wctob.o)
                0x800152ec                wctob
 .text          0x80015364      0x464 c:/devkitpro/devkitppc/bin/../lib/gcc/powerpc-gekko/4.2.4/../../../../powerpc-gekko/lib\libc.a(lib_a-wctomb_r.o)
                0x80015364                _wctomb_r
 .text          0x800157c8      0x178 c:/devkitpro/devkitppc/bin/../lib/gcc/powerpc-gekko/4.2.4/../../../../powerpc-gekko/lib\libc.a(lib_a-wsetup.o)
                0x800157c8                __swsetup_r
 .text          0x80015940      0x1ac c:/devkitpro/devkitppc/bin/../lib/gcc/powerpc-gekko/4.2.4/../../../../powerpc-gekko/lib\libc.a(lib_a-__call_atexit.o)
                0x80015940                __call_exitprocs
 .text          0x80015aec       0x54 c:/devkitpro/devkitppc/bin/../lib/gcc/powerpc-gekko/4.2.4/../../../../powerpc-gekko/lib\libc.a(lib_a-div.o)
                0x80015aec                div
 .text          0x80015b40     0x1390 c:/devkitpro/devkitppc/bin/../lib/gcc/powerpc-gekko/4.2.4/../../../../powerpc-gekko/lib\libc.a(lib_a-dtoa.o)
                0x80015d7c                _dtoa_r
 .text          0x80016ed0       0xa4 c:/devkitpro/devkitppc/bin/../lib/gcc/powerpc-gekko/4.2.4/../../../../powerpc-gekko/lib\libc.a(lib_a-flags.o)
                0x80016ed0                __sflags
 .text          0x80016f74      0x528 c:/devkitpro/devkitppc/bin/../lib/gcc/powerpc-gekko/4.2.4/../../../../powerpc-gekko/lib\libc.a(lib_a-fvwrite.o)
                0x80016f74                __sfvwrite_r
 .text          0x8001749c      0x918 c:/devkitpro/devkitppc/bin/../lib/gcc/powerpc-gekko/4.2.4/../../../../powerpc-gekko/lib\libc.a(lib_a-gdtoa-gethex.o)
                0x800174d4                __hexdig_init
                0x80017630                __gethex
 .text          0x80017db4      0x330 c:/devkitpro/devkitppc/bin/../lib/gcc/powerpc-gekko/4.2.4/../../../../powerpc-gekko/lib\libc.a(lib_a-gdtoa-hexnan.o)
                0x80017de8                __hexnan
 .text          0x800180e4        0xc c:/devkitpro/devkitppc/bin/../lib/gcc/powerpc-gekko/4.2.4/../../../../powerpc-gekko/lib\libc.a(lib_a-gettzinfo.o)
                0x800180e4                __gettzinfo
 .text          0x800180f0      0x180 c:/devkitpro/devkitppc/bin/../lib/gcc/powerpc-gekko/4.2.4/../../../../powerpc-gekko/lib\libc.a(lib_a-iswspace.o)
                0x800180f0                iswspace
 .text          0x80018270      0x234 c:/devkitpro/devkitppc/bin/../lib/gcc/powerpc-gekko/4.2.4/../../../../powerpc-gekko/lib\libc.a(lib_a-jp2uc.o)
                0x80018270                __jp2uc
 .text          0x800184a4       0xf4 c:/devkitpro/devkitppc/bin/../lib/gcc/powerpc-gekko/4.2.4/../../../../powerpc-gekko/lib\libc.a(lib_a-memchr.o)
                0x800184a4                memchr
 .text          0x80018598     0x1114 c:/devkitpro/devkitppc/bin/../lib/gcc/powerpc-gekko/4.2.4/../../../../powerpc-gekko/lib\libc.a(lib_a-mprec.o)
                0x80018a00                _mprec_log10
                0x80018aa4                __any_on
                0x80018b44                _Balloc
                0x8001893c                __ratio
                0x80019304                __i2b
                0x800187ec                __b2d
                0x80019584                __s2b
                0x800186ec                __mcmp
                0x800185bc                __hi0bits
                0x80019458                __pow5mult
                0x80018f68                __lshift
                0x800190d0                __multiply
                0x80018c14                __d2b
                0x80018a3c                __copybits
                0x8001874c                __ulp
                0x80018dbc                __mdiff
                0x80018628                __lo0bits
                0x80019340                __multadd
                0x80018598                _Bfree
 .text          0x800196ac      0x25c c:/devkitpro/devkitppc/bin/../lib/gcc/powerpc-gekko/4.2.4/../../../../powerpc-gekko/lib\libc.a(lib_a-putc.o)
                0x800197e0                _putc_r
                0x800196ac                putc
 .text          0x80019908       0x44 c:/devkitpro/devkitppc/bin/../lib/gcc/powerpc-gekko/4.2.4/../../../../powerpc-gekko/lib\libc.a(lib_a-s_isinfd.o)
                0x80019908                __isinfd
 .text          0x8001994c       0xf4 c:/devkitpro/devkitppc/bin/../lib/gcc/powerpc-gekko/4.2.4/../../../../powerpc-gekko/lib\libc.a(lib_a-sccl.o)
                0x8001994c                __sccl
 .text          0x80019a40       0x18 c:/devkitpro/devkitppc/bin/../lib/gcc/powerpc-gekko/4.2.4/../../../../powerpc-gekko/lib\libc.a(lib_a-sf_nan.o)
                0x80019a40                nanf
 .text          0x80019a58      0x200 c:/devkitpro/devkitppc/bin/../lib/gcc/powerpc-gekko/4.2.4/../../../../powerpc-gekko/lib\libc.a(lib_a-strtol.o)
                0x80019c38                strtol
                0x80019a58                _strtol_r
 .text          0x80019c58      0x2c4 c:/devkitpro/devkitppc/bin/../lib/gcc/powerpc-gekko/4.2.4/../../../../powerpc-gekko/lib\libc.a(lib_a-strtoll_r.o)
                0x80019c58                _strtoll_r
 .text          0x80019f1c      0x368 c:/devkitpro/devkitppc/bin/../lib/gcc/powerpc-gekko/4.2.4/../../../../powerpc-gekko/lib\libc.a(lib_a-ungetc.o)
                0x8001a26c                ungetc
                0x80019f1c                __submore
                0x8001a048                _ungetc_r
 .text          0x8001a284      0x15c c:/devkitpro/devkitppc/bin/../lib/gcc/powerpc-gekko/4.2.4/../../../../powerpc-gekko/lib\libc.a(lib_a-wbuf.o)
                0x8001a284                __swbuf_r
                0x8001a3c8                __swbuf
 .text          0x8001a3e0       0xa0 c:/devkitpro/devkitppc/bin/../lib/gcc/powerpc-gekko/4.2.4/../../../../powerpc-gekko/lib\libsysbase.a(close.o)
                0x8001a3e0                _close_r
 .text          0x8001a480       0xc8 c:/devkitpro/devkitppc/bin/../lib/gcc/powerpc-gekko/4.2.4/../../../../powerpc-gekko/lib\libsysbase.a(fstat.o)
                0x8001a480                _fstat_r
 .text          0x8001a548        0x8 c:/devkitpro/devkitppc/bin/../lib/gcc/powerpc-gekko/4.2.4/../../../../powerpc-gekko/lib\libsysbase.a(isatty.o)
                0x8001a548                isatty
 .text          0x8001a550       0xe8 c:/devkitpro/devkitppc/bin/../lib/gcc/powerpc-gekko/4.2.4/../../../../powerpc-gekko/lib\libsysbase.a(lseek.o)
                0x8001a550                _lseek_r
 .text          0x8001a638      0x14c c:/devkitpro/devkitppc/bin/../lib/gcc/powerpc-gekko/4.2.4/../../../../powerpc-gekko/lib\libsysbase.a(open.o)
                0x8001a638                _open_r
 .text          0x8001a784       0xcc c:/devkitpro/devkitppc/bin/../lib/gcc/powerpc-gekko/4.2.4/../../../../powerpc-gekko/lib\libsysbase.a(read.o)
                0x8001a784                _read_r
 .text          0x8001a850       0x50 c:/devkitpro/devkitppc/bin/../lib/gcc/powerpc-gekko/4.2.4/../../../../powerpc-gekko/lib\libsysbase.a(sbrk.o)
                0x8001a850                _sbrk_r
 .text          0x8001a8a0       0x94 c:/devkitpro/devkitppc/bin/../lib/gcc/powerpc-gekko/4.2.4/../../../../powerpc-gekko/lib\libsysbase.a(unlink.o)
                0x8001a8a0                _unlink_r
 .text          0x8001a934       0xcc c:/devkitpro/devkitppc/bin/../lib/gcc/powerpc-gekko/4.2.4/../../../../powerpc-gekko/lib\libsysbase.a(write.o)
                0x8001a934                _write_r
 .text          0x8001aa00       0x6c c:/devkitpro/devkitppc/bin/../lib/gcc/powerpc-gekko/4.2.4/../../../../powerpc-gekko/lib\libsysbase.a(flock.o)
                0x8001aa24                __flockfile
                0x8001aa00                __funlockfile
 .text          0x8001aa6c      0x120 c:/devkitpro/devkitppc/bin/../lib/gcc/powerpc-gekko/4.2.4/../../../../powerpc-gekko/lib\libsysbase.a(handle_manager.o)
                0x8001ab30                __release_handle
                0x8001aa98                __alloc_handle
                0x8001aa6c                __get_handle
 .text          0x8001ab8c      0x450 c:/devkitpro/devkitppc/bin/../lib/gcc/powerpc-gekko/4.2.4\libgcc.a(_umoddi3.o)
                0x8001ab8c                __umoddi3
 .text          0x8001afdc       0x6c c:/devkitpro/devkitppc/bin/../lib/gcc/powerpc-gekko/4.2.4/crtend.o
 *(.text.*)
 .text.Identify
                0x8001b048       0xe8 id.o
                0x8001b048                Identify
 .text.Identify_SU
                0x8001b130       0x74 id.o
                0x8001b130                Identify_SU
 .text.sort     0x8001b1a4       0xa4 main.o
                0x8001b1a4                sort
 .text.get_ioslist
                0x8001b248      0x178 main.o
                0x8001b248                get_ioslist
 .text.ios_selectionmenu
                0x8001b3c0      0x1a4 main.o
                0x8001b3c0                ios_selectionmenu
 .text.ios_selection
                0x8001b564      0x174 main.o
                0x8001b564                ios_selection
 .text.isdir    0x8001b6d8       0x38 main.o
                0x8001b6d8                isdir
 .text.get_attribs
                0x8001b710       0x5c main.o
                0x8001b710                get_attribs
 .text.getdir   0x8001b76c      0x2c4 main.o
                0x8001b76c                getdir
 .text.brute_tmd
                0x8001ba30       0xb4 main.o
                0x8001ba30                brute_tmd
 .text.zero_sig
                0x8001bae4       0x60 main.o
                0x8001bae4                zero_sig
 .text.dump     0x8001bb44      0x28c main.o
                0x8001bb44                dump
 .text.files2   0x8001bdd0      0x1b4 main.o
                0x8001bdd0                files2
 .text.dirget   0x8001bf84      0x240 main.o
                0x8001bf84                dirget
 .text.flash    0x8001c1c4      0x298 main.o
                0x8001c1c4                flash
 .text.resetscreen
                0x8001c45c       0x48 main.o
                0x8001c45c                resetscreen
 .text.browser  0x8001c4a4      0x22c main.o
                0x8001c4a4                browser
 .text.patch    0x8001c6d0      0x29c main.o
                0x8001c6d0                patch
 .text.main     0x8001c96c      0x8bc main.o
                0x8001c96c                main
 .text.network_getip
                0x8001d228        0xc net.o
                0x8001d228                network_getip
 .text.network_read
                0x8001d234       0xac net.o
                0x8001d234                network_read
 .text.network_connect
                0x8001d2e0       0xc0 net.o
                0x8001d2e0                network_connect
 .text.network_request
                0x8001d3a0      0x1cc net.o
                0x8001d3a0                network_request
 .text.ReadNetwork
                0x8001d56c      0x314 net.o
                0x8001d56c                ReadNetwork
 .text.network_init
                0x8001d880       0x48 net.o
                0x8001d880                network_init
 .text.SHA1Init
                0x8001d8c8       0x4c sha1.o
                0x8001d8c8                SHA1Init
 .text.SHA1Transform
                0x8001d914     0x12ac sha1.o
                0x8001d914                SHA1Transform
 .text.SHA1Update
                0x8001ebc0      0x168 sha1.o
                0x8001ebc0                SHA1Update
 .text.SHA1Final
                0x8001ed28      0x164 sha1.o
                0x8001ed28                SHA1Final
 .text.SHA1     0x8001ee8c       0x70 sha1.o
                0x8001ee8c                SHA1
 .text.__wpad_assign_slot
                0x8001eefc      0x24c c:/devkitPro/libogc/lib/wii\libwiiuse.a(wpad.o)
                0x8001eefc                __wpad_assign_slot
 .text.__wpad_disconnectCB
                0x8001f148      0x100 c:/devkitPro/libogc/lib/wii\libwiiuse.a(wpad.o)
                0x8001f148                __wpad_disconnectCB
 .text.WPAD_ButtonsDown
                0x8001f248       0x28 c:/devkitPro/libogc/lib/wii\libwiiuse.a(wpad.o)
                0x8001f248                WPAD_ButtonsDown
 .text.__wpad_disconnect
                0x8001f270       0x58 c:/devkitPro/libogc/lib/wii\libwiiuse.a(wpad.o)
 .text.WPAD_Shutdown
                0x8001f2c8      0x11c c:/devkitPro/libogc/lib/wii\libwiiuse.a(wpad.o)
                0x8001f2c8                WPAD_Shutdown
 .text.__wpad_onreset
                0x8001f3e4       0x2c c:/devkitPro/libogc/lib/wii\libwiiuse.a(wpad.o)
 .text.__wpad_timeouthandler
                0x8001f410       0xb8 c:/devkitPro/libogc/lib/wii\libwiiuse.a(wpad.o)
 .text.__wpad_def_powcb
                0x8001f4c8       0x20 c:/devkitPro/libogc/lib/wii\libwiiuse.a(wpad.o)
 .text.__wpad_setfmt
                0x8001f4e8      0x110 c:/devkitPro/libogc/lib/wii\libwiiuse.a(wpad.o)
 .text.WPAD_SetDataFormat
                0x8001f5f8      0x128 c:/devkitPro/libogc/lib/wii\libwiiuse.a(wpad.o)
                0x8001f5f8                WPAD_SetDataFormat
 .text.WPAD_ReadEvent
                0x8001f720      0x5a4 c:/devkitPro/libogc/lib/wii\libwiiuse.a(wpad.o)
                0x8001f720                WPAD_ReadEvent
 .text.WPAD_ReadPending
                0x8001fcc4      0x16c c:/devkitPro/libogc/lib/wii\libwiiuse.a(wpad.o)
                0x8001fcc4                WPAD_ReadPending
 .text.WPAD_ScanPads
                0x8001fe30        0xc c:/devkitPro/libogc/lib/wii\libwiiuse.a(wpad.o)
                0x8001fe30                WPAD_ScanPads
 .text.WPAD_Init
                0x8001fe3c      0x294 c:/devkitPro/libogc/lib/wii\libwiiuse.a(wpad.o)
                0x8001fe3c                WPAD_Init
 .text.__initcore_finished
                0x800200d0       0x40 c:/devkitPro/libogc/lib/wii\libwiiuse.a(wpad.o)
 .text.__readlinkkey_finished
                0x80020110       0x38 c:/devkitPro/libogc/lib/wii\libwiiuse.a(wpad.o)
 .text.__wpad_patch_finished
                0x80020148       0x2c c:/devkitPro/libogc/lib/wii\libwiiuse.a(wpad.o)
 .text.__wpad_init_finished
                0x80020174      0x1d4 c:/devkitPro/libogc/lib/wii\libwiiuse.a(wpad.o)
 .text.__wpad_eventCB
                0x80020348      0x9ac c:/devkitPro/libogc/lib/wii\libwiiuse.a(wpad.o)
 .text.calculate_gforce
                0x80020cf4       0xfc c:/devkitPro/libogc/lib/wii\libwiiuse.a(dynamics.o)
                0x80020cf4                calculate_gforce
 .text.calc_balanceboard_state
                0x80020df0      0x380 c:/devkitPro/libogc/lib/wii\libwiiuse.a(dynamics.o)
                0x80020df0                calc_balanceboard_state
 .text.apply_smoothing
                0x80021170      0x184 c:/devkitPro/libogc/lib/wii\libwiiuse.a(dynamics.o)
                0x80021170                apply_smoothing
 .text.calc_joystick_state
                0x800212f4      0x274 c:/devkitPro/libogc/lib/wii\libwiiuse.a(dynamics.o)
                0x800212f4                calc_joystick_state
 .text.calculate_orientation
                0x80021568      0x2ec c:/devkitPro/libogc/lib/wii\libwiiuse.a(dynamics.o)
                0x80021568                calculate_orientation
 .text.wiiuse_io_write
                0x80021854       0x44 c:/devkitPro/libogc/lib/wii\libwiiuse.a(io_wii.o)
                0x80021854                wiiuse_io_write
 .text.__wiiuse_disconnected
                0x80021898       0xb0 c:/devkitPro/libogc/lib/wii\libwiiuse.a(io_wii.o)
 .text.__wiiuse_sent
                0x80021948       0xc4 c:/devkitPro/libogc/lib/wii\libwiiuse.a(io_wii.o)
 .text.wiiuse_init_cmd_queue
                0x80021a0c       0x4c c:/devkitPro/libogc/lib/wii\libwiiuse.a(io_wii.o)
                0x80021a0c                wiiuse_init_cmd_queue
 .text.wiiuse_disconnect
                0x80021a58       0x40 c:/devkitPro/libogc/lib/wii\libwiiuse.a(io_wii.o)
                0x80021a58                wiiuse_disconnect
 .text.wiiuse_register
                0x80021a98       0xe4 c:/devkitPro/libogc/lib/wii\libwiiuse.a(io_wii.o)
                0x80021a98                wiiuse_register
 .text.__wiiuse_connected
                0x80021b7c       0x9c c:/devkitPro/libogc/lib/wii\libwiiuse.a(io_wii.o)
 .text.__wiiuse_receive
                0x80021c18       0xc8 c:/devkitPro/libogc/lib/wii\libwiiuse.a(io_wii.o)
 .text.__wiiuse_sensorbar_enable
                0x80021ce0       0x50 c:/devkitPro/libogc/lib/wii\libwiiuse.a(io_wii.o)
                0x80021ce0                __wiiuse_sensorbar_enable
 .text.get_ir_sens
                0x80021d30       0xec c:/devkitPro/libogc/lib/wii\libwiiuse.a(ir.o)
 .text.wiiuse_set_ir_position
                0x80021e1c       0x80 c:/devkitPro/libogc/lib/wii\libwiiuse.a(ir.o)
                0x80021e1c                wiiuse_set_ir_position
 .text.wiiuse_set_aspect_ratio
                0x80021e9c       0x44 c:/devkitPro/libogc/lib/wii\libwiiuse.a(ir.o)
                0x80021e9c                wiiuse_set_aspect_ratio
 .text.calculate_basic_ir
                0x80021ee0       0xf4 c:/devkitPro/libogc/lib/wii\libwiiuse.a(ir.o)
                0x80021ee0                calculate_basic_ir
 .text.calculate_extended_ir
                0x80021fd4       0x70 c:/devkitPro/libogc/lib/wii\libwiiuse.a(ir.o)
                0x80021fd4                calculate_extended_ir
 .text.calc_yaw
                0x80022044       0x54 c:/devkitPro/libogc/lib/wii\libwiiuse.a(ir.o)
                0x80022044                calc_yaw
 .text.apply_ir_smoothing
                0x80022098       0xf4 c:/devkitPro/libogc/lib/wii\libwiiuse.a(ir.o)
                0x80022098                apply_ir_smoothing
 .text.rotate_dots
                0x8002218c      0x120 c:/devkitPro/libogc/lib/wii\libwiiuse.a(ir.o)
 .text.find_sensorbar
                0x800222ac      0x970 c:/devkitPro/libogc/lib/wii\libwiiuse.a(ir.o)
                0x800222ac                find_sensorbar
 .text.interpret_ir_data
                0x80022c1c      0x33c c:/devkitPro/libogc/lib/wii\libwiiuse.a(ir.o)
                0x80022c1c                interpret_ir_data
 .text.wiiuse_set_ir_sensitivity
                0x80022f58      0x118 c:/devkitPro/libogc/lib/wii\libwiiuse.a(ir.o)
                0x80022f58                wiiuse_set_ir_sensitivity
 .text.wiiuse_set_ir_mode
                0x80023070       0x6c c:/devkitPro/libogc/lib/wii\libwiiuse.a(ir.o)
                0x80023070                wiiuse_set_ir_mode
 .text.wiiuse_set_ir
                0x800230dc      0x21c c:/devkitPro/libogc/lib/wii\libwiiuse.a(ir.o)
                0x800230dc                wiiuse_set_ir
 .text.wiiuse_set_flags
                0x800232f8       0x20 c:/devkitPro/libogc/lib/wii\libwiiuse.a(wiiuse.o)
                0x800232f8                wiiuse_set_flags
 .text.wiiuse_send_next_command
                0x80023318       0x6c c:/devkitPro/libogc/lib/wii\libwiiuse.a(wiiuse.o)
                0x80023318                wiiuse_send_next_command
 .text.wiiuse_write_data
                0x80023384      0x184 c:/devkitPro/libogc/lib/wii\libwiiuse.a(wiiuse.o)
                0x80023384                wiiuse_write_data
 .text.wiiuse_init
                0x80023508      0x164 c:/devkitPro/libogc/lib/wii\libwiiuse.a(wiiuse.o)
                0x80023508                wiiuse_init
 .text.wiiuse_sendcmd
                0x8002366c      0x10c c:/devkitPro/libogc/lib/wii\libwiiuse.a(wiiuse.o)
                0x8002366c                wiiuse_sendcmd
 .text.wiiuse_status
                0x80023778       0x5c c:/devkitPro/libogc/lib/wii\libwiiuse.a(wiiuse.o)
                0x80023778                wiiuse_status
 .text.wiiuse_motion_sensing
                0x800237d4       0x54 c:/devkitPro/libogc/lib/wii\libwiiuse.a(wiiuse.o)
                0x800237d4                wiiuse_motion_sensing
 .text.wiiuse_set_report_type
                0x80023828      0x100 c:/devkitPro/libogc/lib/wii\libwiiuse.a(wiiuse.o)
                0x80023828                wiiuse_set_report_type
 .text.wiiuse_set_leds
                0x80023928       0x60 c:/devkitPro/libogc/lib/wii\libwiiuse.a(wiiuse.o)
                0x80023928                wiiuse_set_leds
 .text.wiiuse_read_data
                0x80023988      0x144 c:/devkitPro/libogc/lib/wii\libwiiuse.a(wiiuse.o)
                0x80023988                wiiuse_read_data
 .text.wiiuse_set_speaker
                0x80023acc      0x2a4 c:/devkitPro/libogc/lib/wii\libwiiuse.a(speaker.o)
                0x80023acc                wiiuse_set_speaker
 .text.wiiuse_pressed_buttons
                0x80023d70       0x2c c:/devkitPro/libogc/lib/wii\libwiiuse.a(events.o)
                0x80023d70                wiiuse_pressed_buttons
 .text.handle_expansion
                0x80023d9c       0x94 c:/devkitPro/libogc/lib/wii\libwiiuse.a(events.o)
 .text.parse_event
                0x80023e30      0x56c c:/devkitPro/libogc/lib/wii\libwiiuse.a(events.o)
                0x80023e30                parse_event
 .text.guitar_hero_3_event
                0x8002439c       0x50 c:/devkitPro/libogc/lib/wii\libwiiuse.a(guitar_hero_3.o)
                0x8002439c                guitar_hero_3_event
 .text.guitar_hero_3_disconnected
                0x800243ec       0x28 c:/devkitPro/libogc/lib/wii\libwiiuse.a(guitar_hero_3.o)
                0x800243ec                guitar_hero_3_disconnected
 .text.guitar_hero_3_handshake
                0x80024414       0xb4 c:/devkitPro/libogc/lib/wii\libwiiuse.a(guitar_hero_3.o)
                0x80024414                guitar_hero_3_handshake
 .text.wiiuse_disable_expansion
                0x800244c8      0x170 c:/devkitPro/libogc/lib/wii\libwiiuse.a(io.o)
                0x800244c8                wiiuse_disable_expansion
 .text.wiiuse_handshake_expansion
                0x80024638      0x238 c:/devkitPro/libogc/lib/wii\libwiiuse.a(io.o)
                0x80024638                wiiuse_handshake_expansion
 .text.wiiuse_handshake_expansion_start
                0x80024870       0x24 c:/devkitPro/libogc/lib/wii\libwiiuse.a(io.o)
                0x80024870                wiiuse_handshake_expansion_start
 .text.wiiuse_handshake
                0x80024894      0x164 c:/devkitPro/libogc/lib/wii\libwiiuse.a(io.o)
                0x80024894                wiiuse_handshake
 .text.nunchuk_event
                0x800249f8       0xf0 c:/devkitPro/libogc/lib/wii\libwiiuse.a(nunchuk.o)
                0x800249f8                nunchuk_event
 .text.nunchuk_disconnected
                0x80024ae8       0x28 c:/devkitPro/libogc/lib/wii\libwiiuse.a(nunchuk.o)
                0x80024ae8                nunchuk_disconnected
 .text.nunchuk_handshake
                0x80024b10      0x214 c:/devkitPro/libogc/lib/wii\libwiiuse.a(nunchuk.o)
                0x80024b10                nunchuk_handshake
 .text.wii_board_event
                0x80024d24       0x54 c:/devkitPro/libogc/lib/wii\libwiiuse.a(wiiboard.o)
                0x80024d24                wii_board_event
 .text.wii_board_disconnected
                0x80024d78       0x28 c:/devkitPro/libogc/lib/wii\libwiiuse.a(wiiboard.o)
                0x80024d78                wii_board_disconnected
 .text.wii_board_handshake
                0x80024da0      0x174 c:/devkitPro/libogc/lib/wii\libwiiuse.a(wiiboard.o)
                0x80024da0                wii_board_handshake
 .text.classic_ctrl_event
                0x80024f14       0xa4 c:/devkitPro/libogc/lib/wii\libwiiuse.a(classic.o)
                0x80024f14                classic_ctrl_event
 .text.classic_ctrl_disconnected
                0x80024fb8       0x28 c:/devkitPro/libogc/lib/wii\libwiiuse.a(classic.o)
                0x80024fb8                classic_ctrl_disconnected
 .text.classic_ctrl_handshake
                0x80024fe0      0x128 c:/devkitPro/libogc/lib/wii\libwiiuse.a(classic.o)
                0x80024fe0                classic_ctrl_handshake
 .text.bte_arg  0x80025108       0x38 c:/devkitPro/libogc/lib/wii\libbte.a(bte.o)
                0x80025108                bte_arg
 .text.bte_received
                0x80025140       0x38 c:/devkitPro/libogc/lib/wii\libbte.a(bte.o)
                0x80025140                bte_received
 .text.bte_disconnected
                0x80025178       0x38 c:/devkitPro/libogc/lib/wii\libbte.a(bte.o)
                0x80025178                bte_disconnected
 .text.acl_wlp_completed
                0x800251b0        0x8 c:/devkitPro/libogc/lib/wii\libbte.a(bte.o)
                0x800251b0                acl_wlp_completed
 .text.l2cap_accepted
                0x800251b8      0x10c c:/devkitPro/libogc/lib/wii\libbte.a(bte.o)
                0x800251b8                l2cap_accepted
 .text.l2cap_disconnected_ind
                0x800252c4      0x174 c:/devkitPro/libogc/lib/wii\libbte.a(bte.o)
                0x800252c4                l2cap_disconnected_ind
 .text.__bte_send_pending_request
                0x80025438       0xdc c:/devkitPro/libogc/lib/wii\libbte.a(bte.o)
 .text.bte_process_input
                0x80025514      0x130 c:/devkitPro/libogc/lib/wii\libbte.a(bte.o)
 .text.__bte_send_request
                0x80025644       0xa4 c:/devkitPro/libogc/lib/wii\libbte.a(bte.o)
 .text.bte_disconnect
                0x800256e8       0xb4 c:/devkitPro/libogc/lib/wii\libbte.a(bte.o)
                0x800256e8                bte_disconnect
 .text.acl_conn_complete
                0x8002579c       0x2c c:/devkitPro/libogc/lib/wii\libbte.a(bte.o)
                0x8002579c                acl_conn_complete
 .text.bte_sendmessageasync
                0x800257c8      0x138 c:/devkitPro/libogc/lib/wii\libbte.a(bte.o)
                0x800257c8                bte_sendmessageasync
 .text.bte_registerdeviceasync
                0x80025900      0x1c0 c:/devkitPro/libogc/lib/wii\libbte.a(bte.o)
                0x80025900                bte_registerdeviceasync
 .text.bte_new  0x80025ac0       0x60 c:/devkitPro/libogc/lib/wii\libbte.a(bte.o)
                0x80025ac0                bte_new
 .text.BTE_SetDisconnectCallback
                0x80025b20       0x20 c:/devkitPro/libogc/lib/wii\libbte.a(bte.o)
                0x80025b20                BTE_SetDisconnectCallback
 .text.BTE_InitSub
                0x80025b40       0x94 c:/devkitPro/libogc/lib/wii\libbte.a(bte.o)
                0x80025b40                BTE_InitSub
 .text.BTE_ApplyPatch
                0x80025bd4       0xa8 c:/devkitPro/libogc/lib/wii\libbte.a(bte.o)
                0x80025bd4                BTE_ApplyPatch
 .text.BTE_InitCore
                0x80025c7c       0x90 c:/devkitPro/libogc/lib/wii\libbte.a(bte.o)
                0x80025c7c                BTE_InitCore
 .text.BTE_ReadStoredLinkKey
                0x80025d0c       0x94 c:/devkitPro/libogc/lib/wii\libbte.a(bte.o)
                0x80025d0c                BTE_ReadStoredLinkKey
 .text.BTE_Shutdown
                0x80025da0      0x114 c:/devkitPro/libogc/lib/wii\libbte.a(bte.o)
                0x80025da0                BTE_Shutdown
 .text.__bte_shutdown_finished
                0x80025eb4      0x118 c:/devkitPro/libogc/lib/wii\libbte.a(bte.o)
 .text.BTE_Init
                0x80025fcc      0x138 c:/devkitPro/libogc/lib/wii\libbte.a(bte.o)
                0x80025fcc                BTE_Init
 .text.bt_alarmhandler
                0x80026104       0x60 c:/devkitPro/libogc/lib/wii\libbte.a(bte.o)
 .text.l2cap_disconnect_cfm
                0x80026164      0x1ac c:/devkitPro/libogc/lib/wii\libbte.a(bte.o)
                0x80026164                l2cap_disconnect_cfm
 .text.bte_hci_initsub_complete
                0x80026310      0x230 c:/devkitPro/libogc/lib/wii\libbte.a(bte.o)
                0x80026310                bte_hci_initsub_complete
 .text.bte_hci_patch_complete
                0x80026540      0x2b8 c:/devkitPro/libogc/lib/wii\libbte.a(bte.o)
                0x80026540                bte_hci_patch_complete
 .text.bte_hci_apply_patch_complete
                0x800267f8      0x15c c:/devkitPro/libogc/lib/wii\libbte.a(bte.o)
                0x800267f8                bte_hci_apply_patch_complete
 .text.bte_hci_initcore_complete
                0x80026954      0x208 c:/devkitPro/libogc/lib/wii\libbte.a(bte.o)
                0x80026954                bte_hci_initcore_complete
 .text.bte_hci_initcore_complete2
                0x80026b5c      0x1e4 c:/devkitPro/libogc/lib/wii\libbte.a(bte.o)
                0x80026b5c                bte_hci_initcore_complete2
 .text.bte_read_stored_link_key_complete
                0x80026d40      0x264 c:/devkitPro/libogc/lib/wii\libbte.a(bte.o)
                0x80026d40                bte_read_stored_link_key_complete
 .text.hci_get_link
                0x80026fa4       0x88 c:/devkitPro/libogc/lib/wii\libbte.a(hci.o)
                0x80026fa4                hci_get_link
 .text.hci_arg  0x8002702c       0x10 c:/devkitPro/libogc/lib/wii\libbte.a(hci.o)
                0x8002702c                hci_arg
 .text.hci_cmd_complete
                0x8002703c       0x10 c:/devkitPro/libogc/lib/wii\libbte.a(hci.o)
                0x8002703c                hci_cmd_complete
 .text.hci_connection_complete
                0x8002704c       0x10 c:/devkitPro/libogc/lib/wii\libbte.a(hci.o)
                0x8002704c                hci_connection_complete
 .text.hci_wlp_complete
                0x8002705c       0x10 c:/devkitPro/libogc/lib/wii\libbte.a(hci.o)
                0x8002705c                hci_wlp_complete
 .text.hci_cmd_ass
                0x8002706c       0x4c c:/devkitPro/libogc/lib/wii\libbte.a(hci.o)
                0x8002706c                hci_cmd_ass
 .text.lp_pdu_maxsize
                0x800270b8       0x10 c:/devkitPro/libogc/lib/wii\libbte.a(hci.o)
                0x800270b8                lp_pdu_maxsize
 .text.hci_host_num_comp_packets
                0x800270c8       0xcc c:/devkitPro/libogc/lib/wii\libbte.a(hci.o)
                0x800270c8                hci_host_num_comp_packets
 .text.hci_write_cod
                0x80027194       0x8c c:/devkitPro/libogc/lib/wii\libbte.a(hci.o)
                0x80027194                hci_write_cod
 .text.hci_disconnect
                0x80027220       0xb8 c:/devkitPro/libogc/lib/wii\libbte.a(hci.o)
                0x80027220                hci_disconnect
 .text.hci_pin_code_request_neg_reply
                0x800272d8       0x8c c:/devkitPro/libogc/lib/wii\libbte.a(hci.o)
                0x800272d8                hci_pin_code_request_neg_reply
 .text.hci_vendor_specific_command
                0x80027364       0xb8 c:/devkitPro/libogc/lib/wii\libbte.a(hci.o)
                0x80027364                hci_vendor_specific_command
 .text.hci_write_inquiry_scan_type
                0x8002741c       0x80 c:/devkitPro/libogc/lib/wii\libbte.a(hci.o)
                0x8002741c                hci_write_inquiry_scan_type
 .text.hci_write_page_scan_type
                0x8002749c       0x80 c:/devkitPro/libogc/lib/wii\libbte.a(hci.o)
                0x8002749c                hci_write_page_scan_type
 .text.hci_write_inquiry_mode
                0x8002751c       0x80 c:/devkitPro/libogc/lib/wii\libbte.a(hci.o)
                0x8002751c                hci_write_inquiry_mode
 .text.hci_write_pin_type
                0x8002759c       0x80 c:/devkitPro/libogc/lib/wii\libbte.a(hci.o)
                0x8002759c                hci_write_pin_type
 .text.hci_write_local_name
                0x8002761c       0x9c c:/devkitPro/libogc/lib/wii\libbte.a(hci.o)
                0x8002761c                hci_write_local_name
 .text.hci_accecpt_conn_request
                0x800276b8       0xa0 c:/devkitPro/libogc/lib/wii\libbte.a(hci.o)
                0x800276b8                hci_accecpt_conn_request
 .text.hci_write_scan_enable
                0x80027758       0x80 c:/devkitPro/libogc/lib/wii\libbte.a(hci.o)
                0x80027758                hci_write_scan_enable
 .text.hci_read_local_features
                0x800277d8       0x6c c:/devkitPro/libogc/lib/wii\libbte.a(hci.o)
                0x800277d8                hci_read_local_features
 .text.hci_read_local_version
                0x80027844       0x6c c:/devkitPro/libogc/lib/wii\libbte.a(hci.o)
                0x80027844                hci_read_local_version
 .text.hci_read_bd_addr
                0x800278b0       0x6c c:/devkitPro/libogc/lib/wii\libbte.a(hci.o)
                0x800278b0                hci_read_bd_addr
 .text.hci_read_buffer_size
                0x8002791c       0x6c c:/devkitPro/libogc/lib/wii\libbte.a(hci.o)
                0x8002791c                hci_read_buffer_size
 .text.hci_reset
                0x80027988       0x6c c:/devkitPro/libogc/lib/wii\libbte.a(hci.o)
                0x80027988                hci_reset
 .text.lp_acl_write
                0x800279f4      0x180 c:/devkitPro/libogc/lib/wii\libbte.a(hci.o)
                0x800279f4                lp_acl_write
 .text.hci_new  0x80027b74       0x54 c:/devkitPro/libogc/lib/wii\libbte.a(hci.o)
                0x80027b74                hci_new
 .text.hci_read_stored_link_key
                0x80027bc8       0xd4 c:/devkitPro/libogc/lib/wii\libbte.a(hci.o)
                0x80027bc8                hci_read_stored_link_key
 .text.hci_close
                0x80027c9c       0xec c:/devkitPro/libogc/lib/wii\libbte.a(hci.o)
                0x80027c9c                hci_close
 .text.hci_init
                0x80027d88       0xa0 c:/devkitPro/libogc/lib/wii\libbte.a(hci.o)
                0x80027d88                hci_init
 .text.hci_reset_all
                0x80027e28       0xd4 c:/devkitPro/libogc/lib/wii\libbte.a(hci.o)
                0x80027e28                hci_reset_all
 .text.hci_write_page_timeout
                0x80027efc       0x90 c:/devkitPro/libogc/lib/wii\libbte.a(hci.o)
                0x80027efc                hci_write_page_timeout
 .text.hci_acldata_handler
                0x80027f8c      0x138 c:/devkitPro/libogc/lib/wii\libbte.a(hci.o)
                0x80027f8c                hci_acldata_handler
 .text.hci_event_handler
                0x800280c4      0xb98 c:/devkitPro/libogc/lib/wii\libbte.a(hci.o)
                0x800280c4                hci_event_handler
 .text.lp_write_flush_timeout
                0x80028c5c       0xc0 c:/devkitPro/libogc/lib/wii\libbte.a(hci.o)
                0x80028c5c                lp_write_flush_timeout
 .text.hci_host_buffer_size
                0x80028d1c       0xd0 c:/devkitPro/libogc/lib/wii\libbte.a(hci.o)
                0x80028d1c                hci_host_buffer_size
 .text.hci_write_link_policy_settings
                0x80028dec       0xc0 c:/devkitPro/libogc/lib/wii\libbte.a(hci.o)
                0x80028dec                hci_write_link_policy_settings
 .text.l2cap_cid_alloc
                0x80028eac       0x60 c:/devkitPro/libogc/lib/wii\libbte.a(l2cap.o)
 .text.lp_connect_ind
                0x80028f0c        0x4 c:/devkitPro/libogc/lib/wii\libbte.a(l2cap.o)
                0x80028f0c                lp_connect_ind
 .text.l2cap_disconnect_bb
                0x80028f10       0x14 c:/devkitPro/libogc/lib/wii\libbte.a(l2cap.o)
                0x80028f10                l2cap_disconnect_bb
 .text.l2cap_next_sigid
                0x80028f24       0x2c c:/devkitPro/libogc/lib/wii\libbte.a(l2cap.o)
                0x80028f24                l2cap_next_sigid
 .text.l2cap_arg
                0x80028f50        0x8 c:/devkitPro/libogc/lib/wii\libbte.a(l2cap.o)
                0x80028f50                l2cap_arg
 .text.l2cap_disconnect_ind
                0x80028f58        0x8 c:/devkitPro/libogc/lib/wii\libbte.a(l2cap.o)
                0x80028f58                l2cap_disconnect_ind
 .text.l2cap_recv
                0x80028f60        0x8 c:/devkitPro/libogc/lib/wii\libbte.a(l2cap.o)
                0x80028f60                l2cap_recv
 .text.l2cap_connect_ind
                0x80028f68      0x108 c:/devkitPro/libogc/lib/wii\libbte.a(l2cap.o)
                0x80028f68                l2cap_connect_ind
 .text.l2cap_close
                0x80029070      0x1e8 c:/devkitPro/libogc/lib/wii\libbte.a(l2cap.o)
                0x80029070                l2cap_close
 .text.lp_disconnect_ind
                0x80029258      0x114 c:/devkitPro/libogc/lib/wii\libbte.a(l2cap.o)
                0x80029258                lp_disconnect_ind
 .text.l2cap_new
                0x8002936c       0x80 c:/devkitPro/libogc/lib/wii\libbte.a(l2cap.o)
                0x8002936c                l2cap_new
 .text.l2cap_write
                0x800293ec      0x1a4 c:/devkitPro/libogc/lib/wii\libbte.a(l2cap.o)
                0x800293ec                l2cap_write
 .text.l2cap_rexmit_signal
                0x80029590       0x2c c:/devkitPro/libogc/lib/wii\libbte.a(l2cap.o)
                0x80029590                l2cap_rexmit_signal
 .text.l2cap_signal
                0x800295bc      0x1e0 c:/devkitPro/libogc/lib/wii\libbte.a(l2cap.o)
                0x800295bc                l2cap_signal
 .text.l2ca_disconnect_req
                0x8002979c       0xc0 c:/devkitPro/libogc/lib/wii\libbte.a(l2cap.o)
                0x8002979c                l2ca_disconnect_req
 .text.l2cap_tmr
                0x8002985c      0x244 c:/devkitPro/libogc/lib/wii\libbte.a(l2cap.o)
                0x8002985c                l2cap_tmr
 .text.l2ca_config_req
                0x80029aa0      0x154 c:/devkitPro/libogc/lib/wii\libbte.a(l2cap.o)
                0x80029aa0                l2ca_config_req
 .text.l2cap_process_sig
                0x80029bf4     0x1238 c:/devkitPro/libogc/lib/wii\libbte.a(l2cap.o)
                0x80029bf4                l2cap_process_sig
 .text.l2cap_init
                0x8002ae2c       0x88 c:/devkitPro/libogc/lib/wii\libbte.a(l2cap.o)
                0x8002ae2c                l2cap_init
 .text.l2cap_reset_all
                0x8002aeb4      0x154 c:/devkitPro/libogc/lib/wii\libbte.a(l2cap.o)
                0x8002aeb4                l2cap_reset_all
 .text.lp_connect_cfm
                0x8002b008      0x14c c:/devkitPro/libogc/lib/wii\libbte.a(l2cap.o)
                0x8002b008                lp_connect_cfm
 .text.l2ca_datawrite
                0x8002b154      0x114 c:/devkitPro/libogc/lib/wii\libbte.a(l2cap.o)
                0x8002b154                l2ca_datawrite
 .text.l2cap_input
                0x8002b268      0x5d0 c:/devkitPro/libogc/lib/wii\libbte.a(l2cap.o)
                0x8002b268                l2cap_input
 .text.btmemb_alloc
                0x8002b838       0xc0 c:/devkitPro/libogc/lib/wii\libbte.a(btmemb.o)
                0x8002b838                btmemb_alloc
 .text.btmemb_free
                0x8002b8f8       0xbc c:/devkitPro/libogc/lib/wii\libbte.a(btmemb.o)
                0x8002b8f8                btmemb_free
 .text.btmemb_init
                0x8002b9b4       0x40 c:/devkitPro/libogc/lib/wii\libbte.a(btmemb.o)
                0x8002b9b4                btmemb_init
 .text.plug_holes
                0x8002b9f4       0xcc c:/devkitPro/libogc/lib/wii\libbte.a(btmemr.o)
 .text.btmemr_malloc
                0x8002bac0      0x190 c:/devkitPro/libogc/lib/wii\libbte.a(btmemr.o)
                0x8002bac0                btmemr_malloc
 .text.btmemr_free
                0x8002bc50       0xa4 c:/devkitPro/libogc/lib/wii\libbte.a(btmemr.o)
                0x8002bc50                btmemr_free
 .text.btmemr_realloc
                0x8002bcf4      0x118 c:/devkitPro/libogc/lib/wii\libbte.a(btmemr.o)
                0x8002bcf4                btmemr_realloc
 .text.btmemr_init
                0x8002be0c       0xa8 c:/devkitPro/libogc/lib/wii\libbte.a(btmemr.o)
                0x8002be0c                btmemr_init
 .text.btpbuf_header
                0x8002beb4       0xa8 c:/devkitPro/libogc/lib/wii\libbte.a(btpbuf.o)
                0x8002beb4                btpbuf_header
 .text.btpbuf_ref
                0x8002bf5c       0x48 c:/devkitPro/libogc/lib/wii\libbte.a(btpbuf.o)
                0x8002bf5c                btpbuf_ref
 .text.btpbuf_cat
                0x8002bfa4       0x5c c:/devkitPro/libogc/lib/wii\libbte.a(btpbuf.o)
                0x8002bfa4                btpbuf_cat
 .text.btpbuf_chain
                0x8002c000       0x30 c:/devkitPro/libogc/lib/wii\libbte.a(btpbuf.o)
                0x8002c000                btpbuf_chain
 .text.btpbuf_free
                0x8002c030      0x110 c:/devkitPro/libogc/lib/wii\libbte.a(btpbuf.o)
                0x8002c030                btpbuf_free
 .text.btpbuf_dechain
                0x8002c140       0x7c c:/devkitPro/libogc/lib/wii\libbte.a(btpbuf.o)
                0x8002c140                btpbuf_dechain
 .text.btpbuf_realloc
                0x8002c1bc       0xc0 c:/devkitPro/libogc/lib/wii\libbte.a(btpbuf.o)
                0x8002c1bc                btpbuf_realloc
 .text.btpbuf_alloc
                0x8002c27c      0x244 c:/devkitPro/libogc/lib/wii\libbte.a(btpbuf.o)
                0x8002c27c                btpbuf_alloc
 .text.btpbuf_take
                0x8002c4c0      0x124 c:/devkitPro/libogc/lib/wii\libbte.a(btpbuf.o)
                0x8002c4c0                btpbuf_take
 .text.btpbuf_init
                0x8002c5e4       0x34 c:/devkitPro/libogc/lib/wii\libbte.a(btpbuf.o)
                0x8002c5e4                btpbuf_init
 .text.__usb_closeCB
                0x8002c618       0x10 c:/devkitPro/libogc/lib/wii\libbte.a(physbusif.o)
 .text.physbusif_close
                0x8002c628       0x2c c:/devkitPro/libogc/lib/wii\libbte.a(physbusif.o)
                0x8002c628                physbusif_close
 .text.physbusif_reset_all
                0x8002c654        0x4 c:/devkitPro/libogc/lib/wii\libbte.a(physbusif.o)
                0x8002c654                physbusif_reset_all
 .text.physbusif_output
                0x8002c658      0x18c c:/devkitPro/libogc/lib/wii\libbte.a(physbusif.o)
                0x8002c658                physbusif_output
 .text.__writebulkmsgCB
                0x8002c7e4       0x40 c:/devkitPro/libogc/lib/wii\libbte.a(physbusif.o)
 .text.__writectrlmsgCB
                0x8002c824       0x40 c:/devkitPro/libogc/lib/wii\libbte.a(physbusif.o)
 .text.physbusif_shutdown
                0x8002c864       0x50 c:/devkitPro/libogc/lib/wii\libbte.a(physbusif.o)
                0x8002c864                physbusif_shutdown
 .text.__initUsbIOBuffer
                0x8002c8b4       0x98 c:/devkitPro/libogc/lib/wii\libbte.a(physbusif.o)
 .text.__issue_intrread
                0x8002c94c       0xbc c:/devkitPro/libogc/lib/wii\libbte.a(physbusif.o)
 .text.__readintrdataCB
                0x8002ca08      0x120 c:/devkitPro/libogc/lib/wii\libbte.a(physbusif.o)
 .text.__issue_bulkread
                0x8002cb28       0xbc c:/devkitPro/libogc/lib/wii\libbte.a(physbusif.o)
 .text.physbusif_init
                0x8002cbe4      0x1d0 c:/devkitPro/libogc/lib/wii\libbte.a(physbusif.o)
                0x8002cbe4                physbusif_init
 .text.__readbulkdataCB
                0x8002cdb4      0x120 c:/devkitPro/libogc/lib/wii\libbte.a(physbusif.o)
 .text.fatMount
                0x8002ced4      0x160 c:/devkitPro/libogc/lib/wii\libfat.a(libfat.o)
                0x8002ced4                fatMount
 .text._FAT_partition_getPartitionFromPath